[Licensing::Module] Trying to connect to existing licensing client channel...
Built from '6000.3/staging' branch; Version is '6000.3.21f1 (c02631ffc030) revision 12592689'; Using compiler version '194234433'; Build Type 'Release'
OS: 'Windows 11  (10.0.26200) Professional' Language: 'en' Physical Memory: 15724 MB
BatchMode: 1, IsHumanControllingUs: 0, StartBugReporterOnCrash: 0, Is64bit: 1
System  architecture: x64
Process architecture: x64
Date: 2026-09-27T20:43:00Z
[Licensing::IpcConnector] Channel LicenseClient-Andrej doesn't exist
[Licensing::Module] Successfully launched the LicensingClient (PId: 84284)
[Licensing::IpcConnector] Successfully connected to: "LicenseClient-Andrej" at "2026-09-27T20:43:01.6945812Z"
[Licensing::Client] Code 10 while verifying Licensing Client signature (process Id: 84284, path: "C:/Program Files/Unity/Hub/Editor/6000.3.21f1/Editor/Data/Resources/Licensing/Client/Unity.Licensing.Client.exe")
[Licensing::Module] LicensingClient has failed validation; ignoring
[Licensing::Client] Handshaking with LicensingClient:
  Version:                 1.18.1+9fbee8e
  Session Id:              114eda0f675a4796be493b819fa0cebb
  Correlation Id:          f5f99c655dd6148e8dfb6f72b58ab7c5
  External correlation Id: 6462625680826116720
  Machine Id: [REDACTED]
[Licensing::Module] Successfully connected to LicensingClient on channel: "LicenseClient-Andrej" (connect: 0.87s, validation: 0.14s, handshake: 0.15s)
[Licensing::IpcConnector] Successfully connected to: "LicenseClient-Andrej-notifications" at "2026-09-27T20:43:01.9856053Z"
[Licensing::Module] Connected to LicensingClient (PId: 84284, launch time: 0.01, total connection time: 1.16s)
[Licensing::Module] Error: Access token is unavailable; failed to update
[Licensing::Client] Successfully resolved entitlement details
[Licensing::Module] License group:
  Id: F4-YJKE-ZXTP-R3H2-JWDT-XXXX
  Product: Unity Personal
  Type: ULF
  Expiration: Unlimited
[Licensing::Module] License group:
  Id: 6872858344471-UnityPersXXXX
  Product: Unity Personal
  Type: Assigned
  Expiration: Unlimited
[Licensing::Client] Successfully updated license, isAsync: True, time: 0.02
[Licensing::Module] Licensing Background thread has ended after 1.30s

COMMAND LINE ARGUMENTS:
C:\Program Files\Unity\Hub\Editor\6000.3.21f1\Editor\Unity.exe
-batchmode
-projectPath
C:\Users\Andrej\Downloads\One Lane War
-logFile
C:\Users\Andrej\Downloads\One Lane War\ImplementationEvidence\OLW-CORE-001\final\editmode.log
-runTests
-testPlatform
EditMode
-testResults
C:\Users\Andrej\Downloads\One Lane War\ImplementationEvidence\OLW-CORE-001\final\editmode.xml
Successfully changed project path to: C:\Users\Andrej\Downloads\One Lane War
C:/Users/Andrej/Downloads/One Lane War
[UnityMemory] Configuration Parameters - Can be set up in boot.config
    "memorysetup-temp-allocator-size-nav-mesh-worker=65536"
    "memorysetup-temp-allocator-size-audio-worker=65536"
    "memorysetup-temp-allocator-size-gfx=262144"
    "memorysetup-allocator-temp-initial-block-size-main=262144"
    "memorysetup-allocator-temp-initial-block-size-worker=262144"
    "memorysetup-temp-allocator-size-background-worker=32768"
    "memorysetup-temp-allocator-size-job-worker=262144"
    "memorysetup-temp-allocator-size-preload-manager=33554432"
    "memorysetup-temp-allocator-size-gi-baking-worker=262144"
    "memorysetup-temp-allocator-size-gi-baking-worker=262144"
    "memorysetup-temp-allocator-size-gi-baking-worker=262144"
    "memorysetup-temp-allocator-size-gi-baking-worker=262144"
    "memorysetup-temp-allocator-size-gi-baking-worker=262144"
    "memorysetup-bucket-allocator-granularity=16"
    "memorysetup-bucket-allocator-bucket-count=8"
    "memorysetup-bucket-allocator-block-size=33554432"
    "memorysetup-bucket-allocator-block-count=8"
    "memorysetup-main-allocator-block-size=16777216"
    "memorysetup-thread-allocator-block-size=16777216"
    "memorysetup-gfx-main-allocator-block-size=16777216"
    "memorysetup-gfx-thread-allocator-block-size=16777216"
    "memorysetup-cache-allocator-block-size=4194304"
    "memorysetup-typetree-allocator-block-size=2097152"
    "memorysetup-profiler-bucket-allocator-granularity=16"
    "memorysetup-profiler-bucket-allocator-bucket-count=8"
    "memorysetup-profiler-bucket-allocator-block-size=33554432"
    "memorysetup-profiler-bucket-allocator-block-count=8"
    "memorysetup-profiler-allocator-block-size=16777216"
    "memorysetup-profiler-editor-allocator-block-size=1048576"
    "memorysetup-temp-allocator-size-main=16777216"
    "memorysetup-job-temp-allocator-block-size=2097152"
    "memorysetup-job-temp-allocator-block-size-background=1048576"
    "memorysetup-job-temp-allocator-reduction-small-platforms=262144"
    "memorysetup-temp-allocator-size-cloud-worker=32768"
Player connection [39760]  Target information:

Player connection [39760]  * "[IP] 192.168.1.3 [Port] 55504 [Flags] 2 [Guid] 2445639659 [EditorId] 2445639659 [Version] 1048832 [Id] WindowsEditor(7,Andrej) [Debug] 1 [PackageName] WindowsEditor [ProjectName] Editor" 

Player connection [39760] Host joined multi-casting on [225.0.0.222:54997]...
Player connection [39760] Host joined alternative multi-casting on [225.0.0.222:34997]...
Input System module state changed to: Initialized.
[Physics::Module] Initialized fallback backend.
[Physics::Module] Id: 0xdecafbad
[Package Manager] Connected to IPC stream "Upm-56016" after 0.6 seconds.
[Licensing::Client] Successfully resolved entitlement details
[Licensing::Module] License group:
  Id: F4-YJKE-ZXTP-R3H2-JWDT-XXXX
  Product: Unity Personal
  Type: ULF
  Expiration: Unlimited
[Licensing::Module] License group:
  Id: 6872858344471-UnityPersXXXX
  Product: Unity Personal
  Type: Assigned
  Expiration: Unlimited
Library Redirect Path: Library/
[Physics::Module] Selected backend.
[Physics::Module] Name: PhysX
[Physics::Module] Id: 0xf2b8ea05
[Physics::Module] SDK Version: 4.1.2
[Physics::Module] Integration Version: 1.0.0
[Physics::Module] Threading Mode: Multi-Threaded
[Licensing::Client] Successfully resolved entitlement details
[Licensing::Module] License group:
  Id: F4-YJKE-ZXTP-R3H2-JWDT-XXXX
  Product: Unity Personal
  Type: ULF
  Expiration: Unlimited
[Licensing::Module] License group:
  Id: 6872858344471-UnityPersXXXX
  Product: Unity Personal
  Type: Assigned
  Expiration: Unlimited
Refreshing native plugins compatible for Editor in 0.24 ms, found 0 plugins.
Preloading 0 native plugins for Editor in 0.00 ms.
Initialize engine version: 6000.3.21f1 (c02631ffc030)
[Subsystems] Discovering subsystems at path C:/Program Files/Unity/Hub/Editor/6000.3.21f1/Editor/Data/Resources/UnitySubsystems
[Subsystems] Discovering subsystems at path C:/Users/Andrej/Downloads/One Lane War/Assets
GfxDevice: creating device client; kGfxThreadingModeNonThreaded
d3d12: failed to query info queue interface (0x80004002).
Direct3D:
    Version:         Direct3D 12 [level 12.2]
    Renderer:        NVIDIA GeForce RTX 3060 Laptop GPU (ID=0x2520)
    Vendor:          NVIDIA
    VRAM:            5996 MB
    App VRAM Budget: 5228 MB
    Driver:          32.0.15.8129
Initialize mono
Mono path[0] = 'C:/Program Files/Unity/Hub/Editor/6000.3.21f1/Editor/Data/Managed'
Mono path[1] = 'C:/Program Files/Unity/Hub/Editor/6000.3.21f1/Editor/Data/MonoBleedingEdge/lib/mono/unityjit-win32'
Mono config path = 'C:/Program Files/Unity/Hub/Editor/6000.3.21f1/Editor/Data/MonoBleedingEdge/etc'
Using monoOptions --debugger-agent=transport=dt_socket,embedding=1,server=y,suspend=n,address=127.0.0.1:56016
Using cacheserver namespaces - metadata:defaultmetadata, artifacts:defaultartifacts
Using cacheserver namespaces - metadata:defaultmetadata, artifacts:defaultartifacts
ImportWorker Server TCP listen port: 0
AcceleratorClientConnectionCallback - disconnected - :0
Begin MonoManager ReloadAssembly
Registering precompiled unity dll's ...
Register platform support module: C:/Program Files/Unity/Hub/Editor/6000.3.21f1/Editor/Data/PlaybackEngines/WindowsStandaloneSupport/UnityEditor.WindowsStandalone.Extensions.dll
Register platform support module: C:/Program Files/Unity/Hub/Editor/6000.3.21f1/Editor/Data/PlaybackEngines/AndroidPlayer/UnityEditor.Android.Extensions.dll
Registered in 0.733433 seconds.
- Loaded All Assemblies, in 17.551 seconds
Native extension for Android target not found
Native extension for WindowsStandalone target not found
Package Manager log level set to [2]
ScheduleIndexationOnStartup MainProcess:False IndexOnStartup:False
Mono: successfully reloaded assembly
- Finished resetting the current domain, in  0.830 seconds
Domain Reload Profiling: 18373ms
	BeginReloadAssembly (16165ms)
		ExecutionOrderSort (0ms)
		DisableScriptedObjects (0ms)
		BackupInstance (0ms)
		ReleaseScriptingObjects (0ms)
		CreateAndSetChildDomain (6ms)
	RebuildCommonClasses (91ms)
	RebuildNativeTypeToScriptingClass (25ms)
	initialDomainReloadingComplete (842ms)
	LoadAllAssembliesAndSetupDomain (418ms)
		LoadAssemblies (16158ms)
		RebuildTransferFunctionScriptingTraits (0ms)
		AnalyzeDomain (402ms)
			TypeCache.Refresh (400ms)
				TypeCache.ScanAssembly (364ms)
			BuildScriptInfoCaches (0ms)
			ResolveRequiredComponents (1ms)
	FinalizeReload (832ms)
		ReleaseScriptCaches (0ms)
		RebuildScriptCaches (0ms)
		SetupLoadedEditorAssemblies (762ms)
			LogAssemblyErrors (0ms)
			InitializePlatformSupportModulesInManaged (112ms)
			SetLoadedEditorAssemblies (9ms)
			BeforeProcessingInitializeOnLoad (162ms)
			ProcessInitializeOnLoadAttributes (226ms)
			ProcessInitializeOnLoadMethodAttributes (253ms)
			AfterProcessingInitializeOnLoad (0ms)
			EditorAssembliesLoaded (0ms)
		ExecutionOrderSort2 (0ms)
		AwakeInstancesAfterBackupRestoration (0ms)
[Licensing::Client] Successfully resolved entitlement details
[Licensing::Module] License group:
  Id: F4-YJKE-ZXTP-R3H2-JWDT-XXXX
  Product: Unity Personal
  Type: ULF
  Expiration: Unlimited
[Licensing::Module] License group:
  Id: 6872858344471-UnityPersXXXX
  Product: Unity Personal
  Type: Assigned
  Expiration: Unlimited
[Licensing::Client] Successfully resolved entitlement details
[Licensing::Module] License group:
  Id: F4-YJKE-ZXTP-R3H2-JWDT-XXXX
  Product: Unity Personal
  Type: ULF
  Expiration: Unlimited
[Licensing::Module] License group:
  Id: 6872858344471-UnityPersXXXX
  Product: Unity Personal
  Type: Assigned
  Expiration: Unlimited
Application.AssetDatabase Initial Refresh Start
[Package Manager] Restoring resolved packages state from cache
[Licensing::Client] Successfully resolved entitlement details
[Package Manager] Registered 15 packages:
  Packages from [https://packages.unity.com]:
    com.unity.inputsystem@1.20.0 (location: C:\Users\Andrej\Downloads\One Lane War\Library\PackageCache\com.unity.inputsystem@7a4e1a2a8194)
    com.unity.nuget.newtonsoft-json@3.2.2 (location: C:\Users\Andrej\Downloads\One Lane War\Library\PackageCache\com.unity.nuget.newtonsoft-json@4dfd81071c64)
  Built-in packages:
    com.unity.test-framework@1.6.0 (location: C:\Users\Andrej\Downloads\One Lane War\Library\PackageCache\com.unity.test-framework@bd7f943e9647)
    com.unity.ugui@2.0.0 (location: C:\Users\Andrej\Downloads\One Lane War\Library\PackageCache\com.unity.ugui@e20f1880fa04)
    com.unity.modules.androidjni@1.0.0 (location: C:\Users\Andrej\Downloads\One Lane War\Library\PackageCache\com.unity.modules.androidjni)
    com.unity.modules.audio@1.0.0 (location: C:\Users\Andrej\Downloads\One Lane War\Library\PackageCache\com.unity.modules.audio)
    com.unity.modules.imageconversion@1.0.0 (location: C:\Users\Andrej\Downloads\One Lane War\Library\PackageCache\com.unity.modules.imageconversion)
    com.unity.modules.imgui@1.0.0 (location: C:\Users\Andrej\Downloads\One Lane War\Library\PackageCache\com.unity.modules.imgui)
    com.unity.modules.jsonserialize@1.0.0 (location: C:\Users\Andrej\Downloads\One Lane War\Library\PackageCache\com.unity.modules.jsonserialize)
    com.unity.modules.screencapture@1.0.0 (location: C:\Users\Andrej\Downloads\One Lane War\Library\PackageCache\com.unity.modules.screencapture)
    com.unity.modules.ui@1.0.0 (location: C:\Users\Andrej\Downloads\One Lane War\Library\PackageCache\com.unity.modules.ui)
    com.unity.modules.uielements@1.0.0 (location: C:\Users\Andrej\Downloads\One Lane War\Library\PackageCache\com.unity.modules.uielements)
    com.unity.modules.hierarchycore@1.0.0 (location: C:\Users\Andrej\Downloads\One Lane War\Library\PackageCache\com.unity.modules.hierarchycore)
    com.unity.modules.physics@1.0.0 (location: C:\Users\Andrej\Downloads\One Lane War\Library\PackageCache\com.unity.modules.physics)
    com.unity.ext.nunit@2.0.5 (location: C:\Users\Andrej\Downloads\One Lane War\Library\PackageCache\com.unity.ext.nunit@d8c07649098d)
[Subsystems] No new subsystems found in resolved package list.
[Package Manager] Done registering packages in 0.03 seconds
Starting: C:\Program Files\Unity\Hub\Editor\6000.3.21f1\Editor\Data\Tools\BuildPipeline\bee_backend.exe --ipc --defer-dag-verification --dagfile="Library/Bee/1300b0aE.dag" --continue-on-failure --profile="Library/Bee/backend1.traceevents" ScriptAssemblies
WorkingDir: C:/Users/Andrej/Downloads/One Lane War
ExitCode: 4 Duration: 0s182ms
[             ] Require frontend run.  Library/Bee/1300b0aE.dag couldn't be loaded
DisplayProgressbar: Compiling Scripts
Starting: C:\Program Files\Unity\Hub\Editor\6000.3.21f1\Editor\Data\netcorerun\netcorerun.exe "C:\Program Files\Unity\Hub\Editor\6000.3.21f1\Editor\Data\Tools\BuildPipeline\ScriptCompilationBuildProgram.exe" "Library/Bee/1300b0aE.dag.json" "Library/Bee/1300b0aE-inputdata.json" "Library\Bee\buildprogram0.traceevents"
WorkingDir: C:/Users/Andrej/Downloads/One Lane War
ExitCode: 0 Duration: 1s372ms
Starting: C:\Program Files\Unity\Hub\Editor\6000.3.21f1\Editor\Data\Tools\BuildPipeline\bee_backend.exe --ipc --defer-dag-verification --dagfile="Library/Bee/1300b0aE.dag" --continue-on-failure --dagfilejson="Library\Bee\1300b0aE.dag.json" --profile="Library/Bee/backend2.traceevents" ScriptAssemblies
WorkingDir: C:/Users/Andrej/Downloads/One Lane War
ExitCode: 0 Duration: 9s393ms
Finished compiling graph: 306 nodes, 3109 flattened edges (2879 ToBuild, 38 ToUse), maximum node priority 154
[121/303    0s] WriteText Library/Bee/artifacts/1300b0aE.dag/UnityEngine.TestRunner.UnityAdditionalFile.txt
[132/303    0s] WriteText Library/Bee/artifacts/1300b0aE.dag/UnityEngine.TestRunner.rsp2
[140/303    0s] WriteText Library/Bee/artifacts/1300b0aE.dag/UnityEngine.TestRunner.dll.mvfrm.rsp
[145/303    0s] WriteText Library/Bee/artifacts/1300b0aE.dag/UnityEngine.UI.UnityAdditionalFile.txt
[146/303    0s] WriteText Library/Bee/artifacts/1300b0aE.dag/UnityEngine.UI.dll.mvfrm.rsp
[147/303    0s] WriteText Library/Bee/artifacts/1300b0aE.dag/UnityEngine.UI.rsp
[148/303    0s] WriteText Library/Bee/artifacts/1300b0aE.dag/UnityEditor.TestRunner.dll.mvfrm.rsp
[149/303    0s] WriteText Library/Bee/artifacts/1300b0aE.dag/UnityEditor.UI.UnityAdditionalFile.txt
[150/303    0s] WriteText Library/Bee/artifacts/1300b0aE.dag/UnityEditor.UI.rsp2
[151/303    0s] WriteText Library/Bee/artifacts/1300b0aE.dag/UnityEditor.TestRunner.rsp
[152/303    0s] WriteText Library/Bee/artifacts/1300b0aE.dag/UnityEngine.UI.rsp2
[153/303    0s] WriteText Library/Bee/artifacts/1300b0aE.dag/UnityEditor.UI.dll.mvfrm.rsp
[154/303    0s] WriteText Library/Bee/artifacts/1300b0aE.dag/UnityEngine.TestRunner.rsp
[155/303    0s] WriteText Library/Bee/artifacts/1300b0aE.dag/Unity.InputSystem.UnityAdditionalFile.txt
[156/303    0s] WriteText Library/Bee/artifacts/1300b0aE.dag/UnityEditor.UI.rsp
[157/303    0s] WriteText Library/Bee/artifacts/1300b0aE.dag/Unity.InputSystem.rsp2
[158/303    0s] WriteText Library/Bee/artifacts/1300b0aE.dag/Unity.InputSystem.dll.mvfrm.rsp
[159/303    0s] WriteText Library/Bee/artifacts/1300b0aE.dag/UnityEditor.TestRunner.UnityAdditionalFile.txt
[160/303    0s] WriteText Library/Bee/artifacts/1300b0aE.dag/UnityEditor.TestRunner.rsp2
[161/303    0s] WriteText Library/Bee/artifacts/1300b0aE.dag/Unity.InputSystem.rsp
[162/303    0s] WriteText Library/Bee/artifacts/1300b0aE.dag/Unity.InternalAPIEngineBridge.004.rsp2
[163/303    0s] WriteText Library/Bee/artifacts/1300b0aE.dag/Unity.InternalAPIEngineBridge.004.UnityAdditionalFile.txt
[164/303    0s] WriteText Library/Bee/artifacts/1300b0aE.dag/OneLaneWar.Core.rsp2
[165/303    0s] WriteText Library/Bee/artifacts/1300b0aE.dag/OneLaneWar.Core.UnityAdditionalFile.txt
[166/303    0s] WriteText Library/Bee/artifacts/1300b0aE.dag/Unity.InternalAPIEngineBridge.004.dll.mvfrm.rsp
[167/303    0s] WriteText Library/Bee/artifacts/1300b0aE.dag/Unity.InternalAPIEngineBridge.004.rsp
[168/303    0s] WriteText Library/Bee/artifacts/1300b0aE.dag/Unity.TextMeshPro.rsp2
[169/303    0s] WriteText Library/Bee/artifacts/1300b0aE.dag/OneLaneWar.Core.dll.mvfrm.rsp
[170/303    0s] WriteText Library/Bee/artifacts/1300b0aE.dag/Unity.TextMeshPro.UnityAdditionalFile.txt
[171/303    0s] WriteText Library/Bee/artifacts/1300b0aE.dag/Unity.InputSystem.TestFramework.rsp2
[172/303    0s] WriteText Library/Bee/artifacts/1300b0aE.dag/Unity.InputSystem.TestFramework.UnityAdditionalFile.txt
[173/303    0s] WriteText Library/Bee/artifacts/1300b0aE.dag/Unity.TextMeshPro.dll.mvfrm.rsp
[174/303    0s] WriteText Library/Bee/artifacts/1300b0aE.dag/OneLaneWar.Core.rsp
[175/303    0s] WriteText Library/Bee/artifacts/1300b0aE.dag/Unity.InputSystem.ForUI.UnityAdditionalFile.txt
[176/303    0s] WriteText Library/Bee/artifacts/1300b0aE.dag/Unity.InputSystem.TestFramework.dll.mvfrm.rsp
[177/303    0s] WriteText Library/Bee/artifacts/1300b0aE.dag/Unity.TextMeshPro.rsp
[178/303    0s] WriteText Library/Bee/artifacts/1300b0aE.dag/OneLaneWar.Presentation.rsp2
[179/303    0s] WriteText Library/Bee/artifacts/1300b0aE.dag/Unity.InputSystem.ForUI.rsp2
[180/303    0s] WriteText Library/Bee/artifacts/1300b0aE.dag/Unity.InputSystem.TestFramework.rsp
[181/303    0s] WriteText Library/Bee/artifacts/1300b0aE.dag/OneLaneWar.Presentation.dll.mvfrm.rsp
[182/303    0s] WriteText Library/Bee/artifacts/1300b0aE.dag/OneLaneWar.ModelFixtures.UnityAdditionalFile.txt
[183/303    0s] WriteText Library/Bee/artifacts/1300b0aE.dag/OneLaneWar.ModelFixtures.rsp2
[184/303    0s] WriteText Library/Bee/artifacts/1300b0aE.dag/OneLaneWar.Presentation.UnityAdditionalFile.txt
[185/303    0s] WriteText Library/Bee/artifacts/1300b0aE.dag/Unity.InputSystem.ForUI.dll.mvfrm.rsp
[186/303    0s] WriteText Library/Bee/artifacts/1300b0aE.dag/Unity.InputSystem.ForUI.rsp
[187/303    0s] WriteText Library/Bee/artifacts/1300b0aE.dag/OneLaneWar.Presentation.rsp
[188/303    0s] WriteText Library/Bee/artifacts/1300b0aE.dag/OneLaneWar.ModelFixtures.dll.mvfrm.rsp
[189/303    0s] WriteText Library/Bee/artifacts/1300b0aE.dag/OneLaneWar.PlayModeTests.rsp2
[190/303    0s] WriteText Library/Bee/artifacts/1300b0aE.dag/OneLaneWar.ModelFixtures.rsp
[191/303    0s] WriteText Library/Bee/artifacts/1300b0aE.dag/OneLaneWar.PlayModeTests.dll.mvfrm.rsp
[192/303    0s] WriteText Library/Bee/artifacts/1300b0aE.dag/OneLaneWar.PlayModeTests.UnityAdditionalFile.txt
[193/303    0s] WriteText Library/Bee/artifacts/1300b0aE.dag/OneLaneWar.Editor.rsp2
[194/303    0s] WriteText Library/Bee/artifacts/1300b0aE.dag/OneLaneWar.EditModeTests.rsp2
[195/303    0s] WriteText Library/Bee/artifacts/1300b0aE.dag/UnityEditor.UI.Analytics.dll.mvfrm.rsp
[196/303    0s] WriteText Library/Bee/artifacts/1300b0aE.dag/OneLaneWar.Editor.UnityAdditionalFile.txt
[197/303    0s] WriteText Library/Bee/artifacts/1300b0aE.dag/Unity.InputSystem.ForUI.Editor.UnityAdditionalFile.txt
[198/303    0s] WriteText Library/Bee/artifacts/1300b0aE.dag/Unity.InputSystem.ForUI.Editor.rsp2
[199/303    0s] WriteText Library/Bee/artifacts/1300b0aE.dag/OneLaneWar.EditModeTests.dll.mvfrm.rsp
[200/303    0s] WriteText Library/Bee/artifacts/1300b0aE.dag/OneLaneWar.Editor.dll.mvfrm.rsp
[201/303    0s] WriteText Library/Bee/artifacts/1300b0aE.dag/Unity.TextMeshPro.Editor.UnityAdditionalFile.txt
[202/303    0s] WriteText Library/Bee/artifacts/1300b0aE.dag/Unity.TextMeshPro.Editor.rsp2
[203/303    0s] WriteText Library/Bee/artifacts/1300b0aE.dag/UnityEditor.UI.Analytics.UnityAdditionalFile.txt
[204/303    0s] WriteText Library/Bee/artifacts/1300b0aE.dag/Unity.TextMeshPro.Editor.dll.mvfrm.rsp
[205/303    0s] WriteText Library/Bee/artifacts/1300b0aE.dag/UnityEditor.UI.Analytics.rsp2
[206/303    0s] WriteText Library/Bee/artifacts/1300b0aE.dag/Unity.InputSystem.DocCodeSamples.UnityAdditionalFile.txt
[207/303    0s] WriteText Library/Bee/artifacts/1300b0aE.dag/Unity.InputSystem.DocCodeSamples.rsp2
[208/303    0s] WriteText Library/Bee/artifacts/1300b0aE.dag/Unity.InputSystem.DocCodeSamples.dll.mvfrm.rsp
[209/303    0s] WriteText Library/Bee/artifacts/1300b0aE.dag/Unity.InputSystem.ForUI.Editor.dll.mvfrm.rsp
[210/303    0s] WriteText Library/Bee/artifacts/1300b0aE.dag/OneLaneWar.EditModeTests.UnityAdditionalFile.txt
[211/303    0s] WriteText Library/Bee/artifacts/1300b0aE.dag/OneLaneWar.PlayModeTests.rsp
[212/303    0s] WriteText Library/Bee/artifacts/1300b0aE.dag/Unity.TextMeshPro.Editor.rsp
[213/303    0s] WriteText Library/Bee/artifacts/1300b0aE.dag/OneLaneWar.Editor.rsp
[214/303    0s] WriteText Library/Bee/artifacts/1300b0aE.dag/UnityEditor.UI.Analytics.rsp
[215/303    0s] WriteText Library/Bee/artifacts/1300b0aE.dag/Unity.InputSystem.ForUI.Editor.rsp
[216/303    0s] WriteText Library/Bee/artifacts/1300b0aE.dag/OneLaneWar.EditModeTests.rsp
[217/303    0s] WriteText Library/Bee/artifacts/1300b0aE.dag/Unity.InputSystem.DocCodeSamples.rsp
[218/303    0s] MovedFromExtractor-Combine Library/Bee/artifacts/1300b0aE.dag/OneLaneWar.Core.dll.mvfrm
[219/303    0s] MovedFromExtractor-Combine Library/Bee/artifacts/1300b0aE.dag/UnityEngine.UI.dll.mvfrm
[220/303    0s] MovedFromExtractor-Combine Library/Bee/artifacts/1300b0aE.dag/UnityEngine.TestRunner.dll.mvfrm
[220/303    0s] Csc Library/Bee/artifacts/1300b0aE.dag/UnityEngine.UI.dll (+2 others) [CacheHit e2662ef15e4304bbf935a1543470ecf300000000000000000000000000000005]
[221/303   1790541808s] Csc Library/Bee/artifacts/1300b0aE.dag/UnityEngine.UI.dll (+2 others)
[223/303    0s] CopyFiles Library/ScriptAssemblies/UnityEngine.UI.pdb
[224/303    0s] CopyFiles Library/ScriptAssemblies/UnityEngine.UI.dll
[223/303    0s] Csc Library/Bee/artifacts/1300b0aE.dag/UnityEngine.TestRunner.dll (+2 others) [CacheHit 1040b6ee8a5905b28edb37c9bfed268800000000000000000000000000000005]
[225/303   1790541808s] Csc Library/Bee/artifacts/1300b0aE.dag/UnityEngine.TestRunner.dll (+2 others)
[227/303    0s] CopyFiles Library/ScriptAssemblies/UnityEngine.TestRunner.pdb
[228/303    0s] CopyFiles Library/ScriptAssemblies/UnityEngine.TestRunner.dll
[229/303    0s] MovedFromExtractor Library/Bee/artifacts/mvdfrm/UnityEngine.UI.ref.dll_BDDAB6C3AC1C4D86.mvfrm
[230/303    0s] MovedFromExtractor Library/Bee/artifacts/mvdfrm/UnityEngine.TestRunner.ref.dll_7423F2FBC6CF80C4.mvfrm
[231/303    0s] MovedFromExtractor-Combine Library/Bee/artifacts/1300b0aE.dag/UnityEditor.TestRunner.dll.mvfrm
[229/303    0s] Csc Library/Bee/artifacts/1300b0aE.dag/UnityEditor.TestRunner.dll (+2 others) [CacheHit 7f75b64f7313e8fa6004ff620ea5f5f900000000000000000000000000000005]
[232/303   1790541809s] Csc Library/Bee/artifacts/1300b0aE.dag/UnityEditor.TestRunner.dll (+2 others)
[234/303    0s] CopyFiles Library/ScriptAssemblies/UnityEditor.TestRunner.dll
[235/303    0s] CopyFiles Library/ScriptAssemblies/UnityEditor.TestRunner.pdb
[236/303    0s] MovedFromExtractor Library/Bee/artifacts/mvdfrm/UnityEditor.TestRunner.ref.dll_A805A84D9B0C22D9.mvfrm
[237/303    0s] MovedFromExtractor-Combine Library/Bee/artifacts/1300b0aE.dag/OneLaneWar.ModelFixtures.dll.mvfrm
[238/303    0s] MovedFromExtractor-Combine Library/Bee/artifacts/1300b0aE.dag/UnityEditor.UI.dll.mvfrm
[235/303    0s] Csc Library/Bee/artifacts/1300b0aE.dag/UnityEditor.UI.dll (+2 others) [CacheHit 0e03677b58ea8c9b8e9bd54e89ab31bf00000000000000000000000000000005]
[239/303   1790541810s] Csc Library/Bee/artifacts/1300b0aE.dag/UnityEditor.UI.dll (+2 others)
[241/303    0s] CopyFiles Library/ScriptAssemblies/UnityEditor.UI.pdb
[242/303    0s] CopyFiles Library/ScriptAssemblies/UnityEditor.UI.dll
[243/303    0s] MovedFromExtractor Library/Bee/artifacts/mvdfrm/UnityEditor.UI.ref.dll_0174E068A5FA251B.mvfrm
[244/303    0s] MovedFromExtractor-Combine Library/Bee/artifacts/1300b0aE.dag/OneLaneWar.EditModeTests.dll.mvfrm
[245/303    0s] MovedFromExtractor-Combine Library/Bee/artifacts/1300b0aE.dag/OneLaneWar.Editor.dll.mvfrm
[246/303    0s] MovedFromExtractor-Combine Library/Bee/artifacts/1300b0aE.dag/Unity.InputSystem.dll.mvfrm
[247/303    0s] MovedFromExtractor-Combine Library/Bee/artifacts/1300b0aE.dag/Unity.InternalAPIEngineBridge.004.dll.mvfrm
[243/303    0s] Csc Library/Bee/artifacts/1300b0aE.dag/Unity.InternalAPIEngineBridge.004.dll (+2 others) [CacheHit c066b4d145df7ee3167c92a3b797f59b00000000000000000000000000000005]
[248/303   1790541810s] Csc Library/Bee/artifacts/1300b0aE.dag/Unity.InternalAPIEngineBridge.004.dll (+2 others)
[250/303    0s] CopyFiles Library/ScriptAssemblies/Unity.InternalAPIEngineBridge.004.dll
[251/303    0s] CopyFiles Library/ScriptAssemblies/Unity.InternalAPIEngineBridge.004.pdb
[246/303    0s] Csc Library/Bee/artifacts/1300b0aE.dag/Unity.InputSystem.dll (+2 others) [CacheHit d0a5e4fc9b75e8887aec356ae939931200000000000000000000000000000005]
[252/303   1790541811s] Csc Library/Bee/artifacts/1300b0aE.dag/Unity.InputSystem.dll (+2 others)
[254/303    0s] CopyFiles Library/ScriptAssemblies/Unity.InputSystem.pdb
[255/303    0s] CopyFiles Library/ScriptAssemblies/Unity.InputSystem.dll
[256/303    0s] MovedFromExtractor Library/Bee/artifacts/mvdfrm/Unity.InternalAPIEngineBridge.004.ref.dll_03149B7CA829DDE0.mvfrm
[257/303    0s] MovedFromExtractor Library/Bee/artifacts/mvdfrm/Unity.InputSystem.ref.dll_7B1D397D2193763B.mvfrm
[258/303    3s] Csc Library/Bee/artifacts/1300b0aE.dag/OneLaneWar.Core.dll (+2 others)
[259/303    0s] CopyFiles Library/ScriptAssemblies/OneLaneWar.Core.pdb
[260/303    0s] CopyFiles Library/ScriptAssemblies/OneLaneWar.Core.dll
[261/303    0s] MovedFromExtractor-Combine Library/Bee/artifacts/1300b0aE.dag/Unity.TextMeshPro.dll.mvfrm
[262/303    0s] MovedFromExtractor-Combine Library/Bee/artifacts/1300b0aE.dag/Unity.InputSystem.TestFramework.dll.mvfrm
[263/303    0s] MovedFromExtractor-Combine Library/Bee/artifacts/1300b0aE.dag/Unity.InputSystem.ForUI.dll.mvfrm
[264/303    0s] MovedFromExtractor-Combine Library/Bee/artifacts/1300b0aE.dag/OneLaneWar.Presentation.dll.mvfrm
[265/303    0s] MovedFromExtractor-Combine Library/Bee/artifacts/1300b0aE.dag/Unity.InputSystem.DocCodeSamples.dll.mvfrm
[259/303    0s] Csc Library/Bee/artifacts/1300b0aE.dag/Unity.InputSystem.DocCodeSamples.dll (+2 others) [CacheHit e1ee4a8caf7df0d61c665e77b8fbe74500000000000000000000000000000005]
[266/303   1790541812s] Csc Library/Bee/artifacts/1300b0aE.dag/Unity.InputSystem.DocCodeSamples.dll (+2 others)
[268/303    0s] CopyFiles Library/ScriptAssemblies/Unity.InputSystem.DocCodeSamples.pdb
[269/303    0s] CopyFiles Library/ScriptAssemblies/Unity.InputSystem.DocCodeSamples.dll
[262/303    0s] Csc Library/Bee/artifacts/1300b0aE.dag/Unity.InputSystem.ForUI.dll (+2 others) [CacheHit 5e70571bdf4f87d243d4bf17fe6c247200000000000000000000000000000005]
[270/303   1790541812s] Csc Library/Bee/artifacts/1300b0aE.dag/Unity.InputSystem.ForUI.dll (+2 others)
[272/303    0s] CopyFiles Library/ScriptAssemblies/Unity.InputSystem.ForUI.pdb
[273/303    0s] CopyFiles Library/ScriptAssemblies/Unity.InputSystem.ForUI.dll
[265/303    0s] Csc Library/Bee/artifacts/1300b0aE.dag/Unity.TextMeshPro.dll (+2 others) [CacheHit 85d1f81c2e19883de2aa77cb50f1b83b00000000000000000000000000000005]
[274/303   1790541812s] Csc Library/Bee/artifacts/1300b0aE.dag/Unity.TextMeshPro.dll (+2 others)
[276/303    0s] CopyFiles Library/ScriptAssemblies/Unity.TextMeshPro.pdb
[277/303    0s] CopyFiles Library/ScriptAssemblies/Unity.TextMeshPro.dll
[268/303    0s] Csc Library/Bee/artifacts/1300b0aE.dag/Unity.InputSystem.TestFramework.dll (+2 others) [CacheHit 996835f1e0f4aae22805207abd0367a900000000000000000000000000000005]
[278/303   1790541812s] Csc Library/Bee/artifacts/1300b0aE.dag/Unity.InputSystem.TestFramework.dll (+2 others)
[280/303    0s] CopyFiles Library/ScriptAssemblies/Unity.InputSystem.TestFramework.dll
[281/303    0s] CopyFiles Library/ScriptAssemblies/Unity.InputSystem.TestFramework.pdb
[282/303    0s] MovedFromExtractor Library/Bee/artifacts/mvdfrm/Unity.InputSystem.TestFramework.ref.dll_8FE9AE88CDE30B49.mvfrm
[283/303    0s] MovedFromExtractor Library/Bee/artifacts/mvdfrm/Unity.InputSystem.ForUI.ref.dll_8456852F39E72DEA.mvfrm
[284/303    0s] MovedFromExtractor Library/Bee/artifacts/mvdfrm/Unity.TextMeshPro.ref.dll_02929A3ECA791895.mvfrm
[285/303    0s] MovedFromExtractor-Combine Library/Bee/artifacts/1300b0aE.dag/OneLaneWar.PlayModeTests.dll.mvfrm
[286/303    1s] Csc Library/Bee/artifacts/1300b0aE.dag/OneLaneWar.ModelFixtures.dll (+2 others)
[287/303    0s] CopyFiles Library/ScriptAssemblies/OneLaneWar.ModelFixtures.dll
[288/303    0s] CopyFiles Library/ScriptAssemblies/OneLaneWar.ModelFixtures.pdb
[289/303    1s] Csc Library/Bee/artifacts/1300b0aE.dag/OneLaneWar.Presentation.dll (+2 others)
[290/303    0s] CopyFiles Library/ScriptAssemblies/OneLaneWar.Presentation.pdb
[291/303    0s] CopyFiles Library/ScriptAssemblies/OneLaneWar.Presentation.dll
[292/303    0s] MovedFromExtractor-Combine Library/Bee/artifacts/1300b0aE.dag/Unity.InputSystem.ForUI.Editor.dll.mvfrm
[293/303    0s] MovedFromExtractor-Combine Library/Bee/artifacts/1300b0aE.dag/UnityEditor.UI.Analytics.dll.mvfrm
[294/303    0s] MovedFromExtractor-Combine Library/Bee/artifacts/1300b0aE.dag/Unity.TextMeshPro.Editor.dll.mvfrm
[284/303    0s] Csc Library/Bee/artifacts/1300b0aE.dag/Unity.InputSystem.ForUI.Editor.dll (+2 others) [CacheHit 6fdfb9517932a92f94b12790b11b9f0600000000000000000000000000000005]
[295/303   1790541813s] Csc Library/Bee/artifacts/1300b0aE.dag/Unity.InputSystem.ForUI.Editor.dll (+2 others)
[297/303    0s] CopyFiles Library/ScriptAssemblies/Unity.InputSystem.ForUI.Editor.pdb
[298/303    0s] CopyFiles Library/ScriptAssemblies/Unity.InputSystem.ForUI.Editor.dll
[287/303    0s] Csc Library/Bee/artifacts/1300b0aE.dag/UnityEditor.UI.Analytics.dll (+2 others) [CacheHit c616050eb30131e2abcda715e3f9f33f00000000000000000000000000000005]
[299/303   1790541813s] Csc Library/Bee/artifacts/1300b0aE.dag/UnityEditor.UI.Analytics.dll (+2 others)
[301/303    0s] CopyFiles Library/ScriptAssemblies/UnityEditor.UI.Analytics.pdb
[302/303    0s] CopyFiles Library/ScriptAssemblies/UnityEditor.UI.Analytics.dll
[303/303    0s] Csc Library/Bee/artifacts/1300b0aE.dag/OneLaneWar.PlayModeTests.dll (+2 others)
[304/303    0s] CopyFiles Library/ScriptAssemblies/OneLaneWar.PlayModeTests.dll
[305/303    0s] CopyFiles Library/ScriptAssemblies/OneLaneWar.PlayModeTests.pdb
[293/303    0s] Csc Library/Bee/artifacts/1300b0aE.dag/Unity.TextMeshPro.Editor.dll (+2 others) [CacheHit 560a00f0a40e6f7cf94c8ba127b5308000000000000000000000000000000005]
[306/303   1790541813s] Csc Library/Bee/artifacts/1300b0aE.dag/Unity.TextMeshPro.Editor.dll (+2 others)
[308/303    0s] CopyFiles Library/ScriptAssemblies/Unity.TextMeshPro.Editor.pdb
[309/303    0s] CopyFiles Library/ScriptAssemblies/Unity.TextMeshPro.Editor.dll
[310/303    3s] Csc Library/Bee/artifacts/1300b0aE.dag/OneLaneWar.EditModeTests.dll (+2 others)
[311/303    0s] CopyFiles Library/ScriptAssemblies/OneLaneWar.EditModeTests.dll
[312/303    0s] CopyFiles Library/ScriptAssemblies/OneLaneWar.EditModeTests.pdb
[313/303    3s] Csc Library/Bee/artifacts/1300b0aE.dag/OneLaneWar.Editor.dll (+2 others)
[314/303    0s] CopyFiles Library/ScriptAssemblies/OneLaneWar.Editor.dll
[315/303    0s] CopyFiles Library/ScriptAssemblies/OneLaneWar.Editor.pdb
*** Tundra build success (9.32 seconds), 148 items updated, 303 evaluated
AssetDatabase: script compilation time: 12.236311s
Begin MonoManager ReloadAssembly
- Loaded All Assemblies, in  2.500 seconds
Refreshing native plugins compatible for Editor in 0.84 ms, found 0 plugins.
Native extension for Android target not found
Native extension for WindowsStandalone target not found
ScheduleIndexationOnStartup MainProcess:True IndexOnStartup:False
Mono: successfully reloaded assembly
- Finished resetting the current domain, in  1.014 seconds
Domain Reload Profiling: 3500ms
	BeginReloadAssembly (610ms)
		ExecutionOrderSort (0ms)
		DisableScriptedObjects (74ms)
		BackupInstance (0ms)
		ReleaseScriptingObjects (0ms)
		CreateAndSetChildDomain (193ms)
	RebuildCommonClasses (98ms)
	RebuildNativeTypeToScriptingClass (31ms)
	initialDomainReloadingComplete (80ms)
	LoadAllAssembliesAndSetupDomain (1666ms)
		LoadAssemblies (1769ms)
		RebuildTransferFunctionScriptingTraits (0ms)
		AnalyzeDomain (144ms)
			TypeCache.Refresh (108ms)
				TypeCache.ScanAssembly (90ms)
			BuildScriptInfoCaches (21ms)
			ResolveRequiredComponents (9ms)
	FinalizeReload (1015ms)
		ReleaseScriptCaches (0ms)
		RebuildScriptCaches (0ms)
		SetupLoadedEditorAssemblies (783ms)
			LogAssemblyErrors (0ms)
			InitializePlatformSupportModulesInManaged (82ms)
			SetLoadedEditorAssemblies (10ms)
			BeforeProcessingInitializeOnLoad (264ms)
			ProcessInitializeOnLoadAttributes (299ms)
			ProcessInitializeOnLoadMethodAttributes (101ms)
			AfterProcessingInitializeOnLoad (27ms)
			EditorAssembliesLoaded (0ms)
		ExecutionOrderSort2 (0ms)
		AwakeInstancesAfterBackupRestoration (63ms)
Asset Pipeline Refresh (id=899b7cba21bc9674ab9be91b99267068): Total: 16.427 seconds - Initiated by InitialRefreshV2(ForceSynchronousImport)
	Summary:
		Imports: total=0 (actual=0, local cache=0, cache server=0)
		Asset DB Process Time: managed=0 ms, native=1548 ms
		Asset DB Callback time: managed=65 ms, native=32 ms
		Scripting: domain reloads=1, domain reload time=2500 ms, compile time=12239 ms, other=41 ms
		Project Asset Count: scripts=289, non-scripts=251
		Asset File Changes: new=0, changed=0, moved=0, deleted=0
		Scan Filter Count: 0
	InvokeCustomDependenciesCallbacks: 0.002ms
	InvokePackagesCallback: 36.493ms
	ApplyChangesToAssetFolders: 1.140ms
	Scan: 150.484ms
	OnSourceAssetsModified: 0.004ms
	CategorizeAssetsWithTransientArtifact: 16.643ms
	ProcessAssetsWithTransientArtifactChanges: 51.301ms
	CategorizeAssets: 12.330ms
	ImportOutOfDateAssets: 1024.620ms (-11215.313ms without children)
		CompileScripts: 12238.813ms
		ReloadNativeAssets: 0.001ms
		UnloadImportedAssets: 0.162ms
		EnsureUptoDateAssetsAreRegisteredWithGuidPM: 0.178ms
		InitializingProgressBar: 0.001ms
		PostProcessAllAssetNotificationsAddChangedAssets: 0.001ms
		OnDemandSchedulerStart: 0.778ms
	PostProcessAllAssets: 65.168ms
	GatherAllCurrentPrimaryArtifactRevisions: 0.005ms
	UnloadStreamsBegin: 1.875ms
	PersistCurrentRevisions: 0.025ms
	UnloadStreamsEnd: 0.003ms
	GenerateScriptTypeHashes: 2.344ms
	Untracked: 15066.594ms

Application.AssetDatabase Initial Refresh End
Launched and connected shader compiler UnityShaderCompiler.exe after 0.04 seconds
Scanning for USB devices : 5.399ms
Initializing Unity extensions:
[MODES] ModeService[none].Initialize
[MODES] ModeService[none].LoadModes
[MODES] Loading mode Default (0) for mode-current-id-One Lane War PH01
Unloading 3 Unused Serialized files (Serialized files now loaded: 0)
Unloading 1210 unused Assets / (0.5 MB). Loaded Objects now: 1841.
Memory consumption went from 101.5 MB to 101.0 MB.
Total: 11.625300 ms (FindLiveObjects: 0.447300 ms CreateObjectMapping: 0.294500 ms MarkObjects: 10.024400 ms  DeleteObjects: 0.856800 ms)

[Project] Loading completed in 46.490 seconds
	Project init time: 				38.611 seconds
		Template init time: 		0.000 seconds
		Package Manager init time: 		0.601 seconds
		Asset Database init time: 		0.651 seconds
		Global illumination init time: 	0.008 seconds
		Assemblies load time: 			18.494 seconds
		Unity extensions init time: 	0.010 seconds
		Asset Database refresh time: 	16.428 seconds
	Scene opening time: 			5.589 seconds
##utp:{"type":"ProjectInfo","version":2,"phase":"Immediate","time":1790541827225,"processId":56016,"projectLoad":46.490169800000007,"projectInit":38.611262,"templateInit":0.0,"packageManagerInit":0.6014012,"assetDatabaseInit":0.6509873,"globalIlluminationInit":0.007694,"assembliesLoad":18.4942793,"unityExtensionsInit":0.0100467,"assetDatabaseRefresh":16.4284402,"sceneOpening":5.5894329}
##utp:{"type":"EditorInfo","version":2,"phase":"Immediate","time":1790541827226,"processId":56016,"editorVersion":"6000.3.21f1 (c02631ffc030)","branch":"6000.3/staging","buildType":"Release","platform":"Windows"}
[Licensing::Client] Successfully resolved entitlement details
Running tests for ExecutionSettings with details:
targetPlatform = 
playerHeartbeatTimeout = 600
filters[0] = 
   Filter with settings:
   testMode = EditMode
   targetPlatform = 
   testNames = null
   groupNames = null
   categoryNames = null
   assemblyNames = null
ignoreTests = {}
featureFlags = null

UnityEngine.Debug:ExtractStackTraceNoAlloc (byte*,int,string)
UnityEngine.StackTraceUtility:ExtractStackTrace ()
UnityEngine.DebugLogHandler:Internal_Log (UnityEngine.LogType,UnityEngine.LogOption,string,UnityEngine.Object)
UnityEngine.DebugLogHandler:LogFormat (UnityEngine.LogType,UnityEngine.Object,string,object[])
UnityEngine.Logger:Log (UnityEngine.LogType,object)
UnityEngine.Debug:Log (object)
UnityEditor.TestTools.TestRunner.CommandLineTest.Executer:InitializeAndExecuteRun (string[]) (at ./Library/PackageCache/com.unity.test-framework@bd7f943e9647/UnityEditor.TestRunner/CommandLineTest/Executer.cs:53)
UnityEditor.TestTools.TestRunner.CommandLineTest.TestStarter:InitializeAndExecuteRun () (at ./Library/PackageCache/com.unity.test-framework@bd7f943e9647/UnityEditor.TestRunner/CommandLineTest/TestStarter.cs:64)
UnityEditor.EditorApplication:Internal_CallUpdateFunctions ()

(Filename: ./Library/PackageCache/com.unity.test-framework@bd7f943e9647/UnityEditor.TestRunner/CommandLineTest/Executer.cs Line: 53)

[UnityConnectServicesConfig] config is NOT valid, switching to default
Created GICache directory at C:/Users/Andrej/AppData/LocalLow/Unity/Caches/GiCache. Took: 0.136s, timestamps: [46.502 - 46.638]
Unloading 2 Unused Serialized files (Serialized files now loaded: 0)
Unloading 0 unused Assets / (43.9 KB). Loaded Objects now: 1866.
Memory consumption went from 100.4 MB to 100.4 MB.
Total: 10.784100 ms (FindLiveObjects: 0.153400 ms CreateObjectMapping: 0.060700 ms MarkObjects: 10.560700 ms  DeleteObjects: 0.007900 ms)

REPLAY fps=30 speed=1 tick=1152 outcome=PlayerWin sha256=7aa8d88bcf7f4ad6759c53d377e0754e9032aeca7468d0885e66dab68f37f533
REPLAY fps=30 speed=2 tick=1152 outcome=PlayerWin sha256=7aa8d88bcf7f4ad6759c53d377e0754e9032aeca7468d0885e66dab68f37f533
REPLAY fps=30 speed=4 tick=1152 outcome=PlayerWin sha256=7aa8d88bcf7f4ad6759c53d377e0754e9032aeca7468d0885e66dab68f37f533
REPLAY fps=30 speed=10 tick=1152 outcome=PlayerWin sha256=7aa8d88bcf7f4ad6759c53d377e0754e9032aeca7468d0885e66dab68f37f533
REPLAY fps=60 speed=1 tick=1152 outcome=PlayerWin sha256=7aa8d88bcf7f4ad6759c53d377e0754e9032aeca7468d0885e66dab68f37f533
REPLAY fps=60 speed=2 tick=1152 outcome=PlayerWin sha256=7aa8d88bcf7f4ad6759c53d377e0754e9032aeca7468d0885e66dab68f37f533
REPLAY fps=60 speed=4 tick=1152 outcome=PlayerWin sha256=7aa8d88bcf7f4ad6759c53d377e0754e9032aeca7468d0885e66dab68f37f533
REPLAY fps=60 speed=10 tick=1152 outcome=PlayerWin sha256=7aa8d88bcf7f4ad6759c53d377e0754e9032aeca7468d0885e66dab68f37f533
SPAWN_PRESSURE encounter=c01_e01_b01 tick=582 command=ACCEPTED player_x=800000 enemy_x=825000 required_gap=500000
Saving results to: C:\Users\Andrej\Downloads\One Lane War\ImplementationEvidence\OLW-CORE-001\final\editmode.xml
Unloading 6 Unused Serialized files (Serialized files now loaded: 0)
Unloading 6 unused Assets / (3.1 KB). Loaded Objects now: 1866.
Memory consumption went from 98.8 MB to 98.8 MB.
Total: 7.782500 ms (FindLiveObjects: 0.120700 ms CreateObjectMapping: 0.066000 ms MarkObjects: 7.565600 ms  DeleteObjects: 0.029000 ms)

DisplayProgressbar: Undo
Test run completed. Exiting with code 0 (Ok). Run completed.
UnityEngine.Debug:ExtractStackTraceNoAlloc (byte*,int,string)
UnityEngine.StackTraceUtility:ExtractStackTrace ()
UnityEngine.DebugLogHandler:Internal_Log (UnityEngine.LogType,UnityEngine.LogOption,string,UnityEngine.Object)
UnityEngine.DebugLogHandler:LogFormat (UnityEngine.LogType,UnityEngine.Object,string,object[])
UnityEngine.Logger:Log (UnityEngine.LogType,object)
UnityEngine.Debug:Log (object)
UnityEditor.TestTools.TestRunner.CommandLineTest.Executer:ExitApplication (UnityEditor.TestTools.TestRunner.CommandLineTest.Executer/ReturnCodes,string) (at ./Library/PackageCache/com.unity.test-framework@bd7f943e9647/UnityEditor.TestRunner/CommandLineTest/Executer.cs:81)
UnityEditor.TestTools.TestRunner.CommandLineTest.Executer:ExitIfRunIsCompleted () (at ./Library/PackageCache/com.unity.test-framework@bd7f943e9647/UnityEditor.TestRunner/CommandLineTest/Executer.cs:74)
UnityEditor.EditorApplication:Internal_CallUpdateFunctions ()

(Filename: ./Library/PackageCache/com.unity.test-framework@bd7f943e9647/UnityEditor.TestRunner/CommandLineTest/Executer.cs Line: 81)

Killing ADB server in 0.1323503 seconds.
[Physics::Module] Cleanup current backend.
[Physics::Module] Id: 0xf2b8ea05
Input System module state changed to: ShutdownInProgress.
Input System polling thread exited.
Input System module state changed to: Shutdown.
[Licensing::IpcConnector] LicenseClient-Andrej-notifications channel disconnected successfully.
[Licensing::IpcConnector] LicenseClient-Andrej channel disconnected successfully.
AcceleratorClientConnectionCallback - disconnected - :0
Cleanup mono
Checking for leaked weakptr:
  Found no leaked weakptrs.
[Package Manager] Server process was shutdown
##utp:{"type":"MemoryLeaks","version":2,"phase":"Immediate","time":1790541834516,"processId":56016,"allocatedMemory":10540302,"memoryLabels":[{"Default":14409},{"Permanent":15236},{"NewDelete":68243},{"Thread":4237960},{"Manager":31901},{"VertexData":8},{"Geometry":816},{"Texture":296},{"Shader":79381},{"Material":24},{"GfxDevice":57912},{"Animation":392},{"Audio":3040},{"FreeType":8},{"FontEngine":736},{"Physics":2146},{"Physics2D":16},{"Serialization":656},{"Input":14984},{"JobScheduler":33024},{"TextLib":280},{"Mono":32},{"ScriptingNativeRuntime":155060},{"BaseObject":1620272},{"Resource":1336},{"Renderer":3000},{"Transform":4685},{"File":1016},{"WebCam":616},{"Culling":32},{"Terrain":11394},{"Wind":24},{"STL":40},{"String":14158},{"DynamicArray":88637},{"HashMap":73027},{"Utility":2660278},{"Curl":2478},{"PoolAlloc":2056},{"AI":80},{"TypeTree":13861},{"ScriptManager":512},{"RuntimeInitializeOnLoadManager":64},{"SpriteAtlas":112},{"GI":7792},{"Director":8240},{"CloudService":288},{"WebRequest":552},{"VR":47994},{"SceneManager":504},{"Video":208},{"LazyScriptCache":32},{"Camera":17},{"Secure":2377},{"SerializationCache":1576},{"APIUpdating":10320},{"Subsystems":336},{"VirtualTexturing":57888},{"StaticSafetyDebugInfo":278528},{"Analytics":336},{"Hierarchy":608},{"CoreStats":13112},{"Identifiers":6480},{"Gui":96},{"EditorUtility":103405},{"VersionControl":4},{"Undo":947},{"AssetDatabase":738976},{"EditorGi":328},{"UnityConnect":29232},{"Upm":1896},{"AssetCompliance":64},{"DrivenProperties":72},{"LocalIPC":262},{"ProfilerEditor":9746},{"CoreBusinessMetrics":3224},{"Licensing":664},{"AssetReference":32},{"IPCStream":32}]}
