  % Total    % Received % Xferd  Average Speed  Time    Time    Time   Current
                                 Dload  Upload  Total   Spent   Left   Speed

  0      0   0      0   0      0      0      0                              0
  0  1.43G   0  7.03M   0      0  3.58M      0   06:50   00:01   06:49  7.03M
  0  1.43G   0 13.84M   0      0  4.66M      0   05:15   00:02   05:13  6.91M
  1  1.43G   1 20.98M   0      0  5.28M      0   04:38   00:03   04:35  6.98M
  1  1.43G   1 27.04M   0      0  5.44M      0   04:30   00:04   04:26  6.75M
  2  1.43G   2 32.64M   0      0  5.46M      0   04:29   00:05   04:24  6.51M
  2  1.43G   2 38.09M   0      0  5.43M      0   04:30   00:07   04:23  6.16M
  2  1.43G   2 43.20M   0      0  5.39M      0   04:32   00:08   04:24  5.82M
  3  1.43G   3 48.12M   0      0  5.34M      0   04:35   00:09   04:26  5.38M
  3  1.43G   3 53.14M   0      0  5.29M      0   04:37   00:10   04:27  5.15M
  3  1.43G   3 58.15M   0      0  5.26M      0   04:39   00:11   04:28  5.03M
  4  1.43G   4 63.11M   0      0  5.24M      0   04:40   00:12   04:28  4.96M
  4  1.43G   4 66.51M   0      0  5.09M      0   04:48   00:13   04:35  4.62M
  4  1.43G   4 68.98M   0      0  4.89M      0   05:00   00:14   04:46  4.11M
  4  1.43G   4 72.21M   0      0  4.78M      0   05:07   00:15   04:52  3.76M
  5  1.43G   5 75.83M   0      0  4.70M      0   05:12   00:16   04:56  3.49M
  5  1.43G   5 80.78M   0      0  4.71M      0   05:11   00:17   04:54  3.48M
  5  1.43G   5 85.10M   0      0  4.69M      0   05:13   00:18   04:55  3.65M
  6  1.43G   6 89.20M   0      0  4.65M      0   05:16   00:19   04:57  3.98M
  6  1.43G   6 92.32M   0      0  4.57M      0   05:21   00:20   05:01  3.96M
  6  1.43G   6 97.87M   0      0  4.62M      0   05:18   00:21   04:57  4.35M
  7  1.43G   7 103.4M   0      0  4.66M      0   05:15   00:22   04:53  4.49M
  7  1.43G   7 108.5M   0      0  4.68M      0   05:14   00:23   04:51  4.65M
  7  1.43G   7 113.6M   0      0  4.70M      0   05:13   00:24   04:49  4.87M
  8  1.43G   8 119.0M   0      0  4.72M      0   05:11   00:25   04:46  5.30M
  8  1.43G   8 124.4M   0      0  4.74M      0   05:09   00:26   04:43  5.26M
  8  1.43G   8 129.5M   0      0  4.76M      0   05:09   00:27   04:42  5.16M
  9  1.43G   9 134.8M   0      0  4.77M      0   05:08   00:28   04:40  5.20M
  9  1.43G   9 140.4M   0      0  4.80M      0   05:06   00:29   04:37  5.30M
  9  1.43G   9 146.0M   0      0  4.82M      0   05:04   00:30   04:34  5.35M
 10  1.43G  10 150.9M   0      0  4.82M      0   05:05   00:31   04:34  5.20M
 10  1.43G  10 155.7M   0      0  4.82M      0   05:05   00:32   04:33  5.15M
 10  1.43G  10 158.6M   0      0  4.76M      0   05:08   00:33   04:35  4.69M
 10  1.43G  10 161.6M   0      0  4.71M      0   05:12   00:34   04:38  4.17M
 11  1.43G  11 164.5M   0      0  4.66M      0   05:15   00:35   04:40  3.65M
 11  1.43G  11 167.3M   0      0  4.61M      0   05:19   00:36   04:43  3.27M
 11  1.43G  11 169.8M   0      0  4.55M      0   05:23   00:37   04:46  2.81M
 11  1.43G  11 172.5M   0      0  4.50M      0   05:26   00:38   04:48  2.77M
 11  1.43G  11 174.8M   0      0  4.44M      0   05:30   00:39   04:51  2.63M
 12  1.43G  12 176.8M   0      0  4.38M      0   05:35   00:40   04:55  2.45M
 12  1.43G  12 178.3M   0      0  4.31M      0   05:40   00:41   04:59  2.20M
 12  1.43G  12 181.2M   0      0  4.28M      0   05:43   00:42   05:01  2.27M
 12  1.43G  12 184.8M   0      0  4.26M      0   05:45   00:43   05:02  2.43M
 12  1.43G  12 188.6M   0      0  4.25M      0   05:45   00:44   05:01  2.76M
 13  1.43G  13 193.0M   0      0  4.25M      0   05:45   00:45   05:00  3.24M
 13  1.43G  13 197.8M   0      0  4.26M      0   05:45   00:46   04:59  3.82M
 13  1.43G  13 202.0M   0      0  4.26M      0   05:45   00:47   04:58  4.08M
 13  1.43G  13 206.0M   0      0  4.25M      0   05:46   00:48   04:58  4.14M
 14  1.43G  14 211.1M   0      0  4.26M      0   05:44   00:49   04:55  4.36M
 14  1.43G  14 216.9M   0      0  4.29M      0   05:42   00:50   04:52  4.64M
 15  1.43G  15 221.5M   0      0  4.29M      0   05:42   00:51   04:51  4.56M
 15  1.43G  15 227.0M   0      0  4.31M      0   05:40   00:52   04:48  4.84M
 15  1.43G  15 231.4M   0      0  4.31M      0   05:40   00:53   04:47  4.94M
 16  1.43G  16 236.2M   0      0  4.32M      0   05:40   00:54   04:46  4.91M
 16  1.43G  16 240.5M   0      0  4.32M      0   05:40   00:55   04:45  4.61M
 16  1.43G  16 245.8M   0      0  4.34M      0   05:38   00:56   04:42  4.85M
 17  1.43G  17 251.4M   0      0  4.35M      0   05:37   00:57   04:40  4.75M
 17  1.43G  17 256.9M   0      0  4.37M      0   05:36   00:58   04:38  4.96M
 17  1.43G  17 260.8M   0      0  4.36M      0   05:36   00:59   04:37  4.79M
 17  1.43G  17 264.2M   0      0  4.35M      0   05:38   01:00   04:38  4.60M
 18  1.43G  18 268.7M   0      0  4.35M      0   05:38   01:01   04:37  4.46M
 18  1.43G  18 274.3M   0      0  4.37M      0   05:36   01:02   04:34  4.55M
 18  1.43G  18 279.5M   0      0  4.38M      0   05:35   01:03   04:32  4.50M
 19  1.43G  19 285.0M   0      0  4.40M      0   05:34   01:04   04:30  4.80M
 19  1.43G  19 290.3M   0      0  4.41M      0   05:33   01:05   04:28  5.19M
 20  1.43G  20 295.8M   0      0  4.42M      0   05:32   01:06   04:26  5.32M
 20  1.43G  20 301.4M   0      0  4.44M      0   05:31   01:07   04:24  5.31M
 20  1.43G  20 306.7M   0      0  4.45M      0   05:30   01:08   04:22  5.32M
 21  1.43G  21 310.8M   0      0  4.45M      0   05:30   01:09   04:21  5.05M
 21  1.43G  21 314.3M   0      0  4.43M      0   05:31   01:10   04:21  4.69M
 21  1.43G  21 317.2M   0      0  4.41M      0   05:33   01:11   04:22  4.22M
 21  1.43G  21 321.5M   0      0  4.41M      0   05:33   01:12   04:21  3.99M
 22  1.43G  22 325.0M   0      0  4.40M      0   05:34   01:13   04:21  3.63M
 22  1.43G  22 329.2M   0      0  4.39M      0   05:34   01:14   04:20  3.66M
 22  1.43G  22 332.3M   0      0  4.37M      0   05:36   01:15   04:21  3.58M
 22  1.43G  22 335.6M   0      0  4.36M      0   05:37   01:16   04:21  3.67M
 22  1.43G  22 338.6M   0      0  4.34M      0   05:38   01:17   04:21  3.39M
 23  1.43G  23 341.1M   0      0  4.32M      0   05:40   01:18   04:22  3.21M
 23  1.43G  23 343.3M   0      0  4.29M      0   05:42   01:19   04:23  2.80M
 23  1.43G  23 345.1M   0      0  4.26M      0   05:45   01:20   04:25  2.54M
 23  1.43G  23 346.2M   0      0  4.21M      0   05:48   01:22   04:26  2.05M
 23  1.43G  23 347.4M   0      0  4.18M      0   05:51   01:23   04:28  1.70M
 23  1.43G  23 349.1M   0      0  4.15M      0   05:54   01:24   04:30  1.54M
 23  1.43G  23 351.5M   0      0  4.13M      0   05:56   01:25   04:31  1.57M
 24  1.43G  24 354.3M   0      0  4.11M      0   05:57   01:26   04:31  1.78M
 24  1.43G  24 357.8M   0      0  4.10M      0   05:58   01:27   04:31  2.30M
 24  1.43G  24 363.1M   0      0  4.12M      0   05:57   01:28   04:29  3.12M
 25  1.43G  25 370.2M   0      0  4.15M      0   05:54   01:29   04:25  4.18M
 25  1.43G  25 376.7M   0      0  4.18M      0   05:52   01:30   04:22  5.01M
 25  1.43G  25 382.2M   0      0  4.19M      0   05:50   01:31   04:19  5.54M
 26  1.43G  26 387.3M   0      0  4.20M      0   05:50   01:32   04:18  5.87M
 26  1.43G  26 392.8M   0      0  4.21M      0   05:49   01:33   04:16  5.88M
 27  1.43G  27 398.2M   0      0  4.23M      0   05:47   01:34   04:13  5.57M
 27  1.43G  27 403.2M   0      0  4.23M      0   05:47   01:35   04:12  5.27M
 27  1.43G  27 408.5M   0      0  4.24M      0   05:46   01:36   04:10  5.20M
 28  1.43G  28 414.2M   0      0  4.25M      0   05:45   01:37   04:08  5.24M
 28  1.43G  28 418.5M   0      0  4.26M      0   05:45   01:38   04:07  5.03M
 28  1.43G  28 423.5M   0      0  4.26M      0   05:44   01:39   04:05  4.94M
 29  1.43G  29 427.7M   0      0  4.26M      0   05:45   01:40   04:05  4.79M
 29  1.43G  29 431.7M   0      0  4.26M      0   05:45   01:41   04:04  4.56M
 29  1.43G  29 435.8M   0      0  4.26M      0   05:45   01:42   04:03  4.31M
 29  1.43G  29 438.6M   0      0  4.24M      0   05:46   01:43   04:03  4.00M
 29  1.43G  29 440.7M   0      0  4.22M      0   05:48   01:44   04:04  3.42M
 30  1.43G  30 442.3M   0      0  4.20M      0   05:50   01:45   04:05  2.90M
 30  1.43G  30 444.0M   0      0  4.17M      0   05:52   01:46   04:06  2.44M
 30  1.43G  30 446.1M   0      0  4.15M      0   05:54   01:47   04:07  2.03M
 30  1.43G  30 448.1M   0      0  4.13M      0   05:55   01:48   04:07  1.87M
 30  1.43G  30 451.5M   0      0  4.13M      0   05:56   01:49   04:07  2.14M
 30  1.43G  30 455.5M   0      0  4.12M      0   05:56   01:50   04:06  2.62M
 31  1.43G  31 460.4M   0      0  4.13M      0   05:56   01:51   04:05  3.22M
 31  1.43G  31 465.2M   0      0  4.14M      0   05:55   01:52   04:03  3.77M
 31  1.43G  31 469.8M   0      0  4.14M      0   05:55   01:53   04:02  4.29M
 32  1.43G  32 474.2M   0      0  4.14M      0   05:55   01:54   04:01  4.47M
 32  1.43G  32 478.5M   0      0  4.14M      0   05:54   01:55   03:59  4.54M
 32  1.43G  32 482.4M   0      0  4.14M      0   05:55   01:56   03:59  4.39M
 33  1.43G  33 486.4M   0      0  4.14M      0   05:55   01:57   03:58  4.22M
 33  1.43G  33 490.5M   0      0  4.14M      0   05:55   01:58   03:57  4.11M
 33  1.43G  33 493.2M   0      0  4.13M      0   05:56   01:59   03:57  3.80M
 33  1.43G  33 497.3M   0      0  4.13M      0   05:56   02:00   03:56  3.76M
 34  1.43G  34 501.9M   0      0  4.13M      0   05:55   02:01   03:54  3.89M
 34  1.43G  34 508.3M   0      0  4.15M      0   05:54   02:02   03:52  4.37M
 34  1.43G  34 515.2M   0      0  4.17M      0   05:52   02:03   03:49  4.92M
 35  1.43G  35 521.6M   0      0  4.19M      0   05:51   02:04   03:47  5.65M
 35  1.43G  35 527.2M   0      0  4.20M      0   05:50   02:05   03:45  5.94M
 36  1.43G  36 531.8M   0      0  4.20M      0   05:49   02:06   03:43  5.94M
 36  1.43G  36 536.7M   0      0  4.21M      0   05:49   02:07   03:42  5.66M
 36  1.43G  36 541.7M   0      0  4.21M      0   05:48   02:08   03:40  5.29M
 37  1.43G  37 546.2M   0      0  4.22M      0   05:48   02:09   03:39  4.90M
 37  1.43G  37 551.6M   0      0  4.22M      0   05:48   02:10   03:38  4.85M
 37  1.43G  37 557.2M   0      0  4.23M      0   05:47   02:11   03:36  5.01M
 38  1.43G  38 562.8M   0      0  4.24M      0   05:46   02:12   03:34  5.11M
 38  1.43G  38 568.4M   0      0  4.25M      0   05:45   02:13   03:32  5.24M
 38  1.43G  38 574.0M   0      0  4.26M      0   05:44   02:14   03:30  5.45M
 39  1.43G  39 579.7M   0      0  4.27M      0   05:44   02:15   03:29  5.51M
 39  1.43G  39 585.2M   0      0  4.28M      0   05:43   02:16   03:27  5.52M
 40  1.43G  40 590.8M   0      0  4.29M      0   05:42   02:17   03:25  5.52M
 40  1.43G  40 595.1M   0      0  4.29M      0   05:42   02:18   03:24  5.27M
 40  1.43G  40 601.3M   0      0  4.30M      0   05:41   02:19   03:22  5.40M
 41  1.43G  41 606.5M   0      0  4.31M      0   05:41   02:20   03:21  5.26M
 41  1.43G  41 609.9M   0      0  4.30M      0   05:41   02:21   03:20  4.87M
 41  1.43G  41 612.8M   0      0  4.29M      0   05:42   02:22   03:20  4.35M
 41  1.43G  41 614.9M   0      0  4.28M      0   05:43   02:23   03:20  3.91M
 41  1.43G  41 616.7M   0      0  4.26M      0   05:45   02:24   03:21  3.03M
 41  1.43G  41 618.2M   0      0  4.24M      0   05:46   02:25   03:21  2.33M
 42  1.43G  42 620.2M   0      0  4.22M      0   05:48   02:26   03:22  2.04M
 42  1.43G  42 622.8M   0      0  4.21M      0   05:48   02:27   03:21  1.99M
 42  1.43G  42 625.9M   0      0  4.21M      0   05:49   02:28   03:21  2.18M
 42  1.43G  42 629.4M   0      0  4.20M      0   05:50   02:29   03:21  2.53M
 42  1.43G  42 632.3M   0      0  4.19M      0   05:50   02:30   03:20  2.80M
 43  1.43G  43 635.7M   0      0  4.19M      0   05:51   02:31   03:20  3.08M
 43  1.43G  43 639.2M   0      0  4.18M      0   05:51   02:32   03:19  3.26M
 43  1.43G  43 642.7M   0      0  4.18M      0   05:51   02:33   03:18  3.35M
 43  1.43G  43 646.4M   0      0  4.17M      0   05:52   02:34   03:18  3.39M
 44  1.43G  44 649.8M   0      0  4.17M      0   05:52   02:35   03:17  3.49M
 44  1.43G  44 652.8M   0      0  4.16M      0   05:53   02:36   03:17  3.41M
 44  1.43G  44 656.0M   0      0  4.16M      0   05:53   02:37   03:16  3.35M
 44  1.43G  44 660.6M   0      0  4.16M      0   05:53   02:38   03:15  3.46M
 45  1.43G  45 665.7M   0      0  4.16M      0   05:53   02:39   03:14  3.76M
 45  1.43G  45 671.5M   0      0  4.17M      0   05:52   02:40   03:12  4.23M
 45  1.43G  45 677.1M   0      0  4.18M      0   05:51   02:41   03:10  4.72M
 46  1.43G  46 681.9M   0      0  4.18M      0   05:51   02:42   03:09  5.02M
 46  1.43G  46 686.6M   0      0  4.19M      0   05:51   02:43   03:08  5.18M
 46  1.43G  46 691.8M   0      0  4.19M      0   05:50   02:44   03:06  5.15M
 47  1.43G  47 697.2M   0      0  4.20M      0   05:50   02:45   03:05  5.05M
 47  1.43G  47 702.7M   0      0  4.21M      0   05:49   02:46   03:03  5.04M
 48  1.43G  48 708.5M   0      0  4.21M      0   05:48   02:47   03:01  5.25M
 48  1.43G  48 713.9M   0      0  4.22M      0   05:48   02:48   03:00  5.35M
 48  1.43G  48 719.4M   0      0  4.23M      0   05:47   02:49   02:58  5.45M
 49  1.43G  49 724.6M   0      0  4.23M      0   05:47   02:50   02:57  5.43M
 49  1.43G  49 729.7M   0      0  4.24M      0   05:46   02:51   02:55  5.35M
 49  1.43G  49 735.3M   0      0  4.25M      0   05:46   02:52   02:54  5.32M
 50  1.43G  50 740.4M   0      0  4.25M      0   05:45   02:53   02:52  5.27M
 50  1.43G  50 745.8M   0      0  4.26M      0   05:45   02:54   02:51  5.24M
 50  1.43G  50 750.8M   0      0  4.26M      0   05:44   02:55   02:49  5.21M
 51  1.43G  51 756.3M   0      0  4.27M      0   05:44   02:56   02:48  5.28M
 51  1.43G  51 761.6M   0      0  4.27M      0   05:44   02:57   02:47  5.20M
 52  1.43G  52 766.2M   0      0  4.28M      0   05:43   02:58   02:45  5.12M
 52  1.43G  52 771.0M   0      0  4.28M      0   05:43   02:59   02:44  4.97M
 52  1.43G  52 774.4M   0      0  4.27M      0   05:44   03:01   02:43  4.63M
 52  1.43G  52 776.9M   0      0  4.26M      0   05:44   03:02   02:42  4.06M
 52  1.43G  52 778.8M   0      0  4.25M      0   05:45   03:03   02:42  3.41M
 53  1.43G  53 780.4M   0      0  4.24M      0   05:47   03:04   02:43  2.79M
 53  1.43G  53 782.6M   0      0  4.22M      0   05:48   03:05   02:43  2.30M
 53  1.43G  53 785.6M   0      0  4.22M      0   05:48   03:06   02:42  2.22M
 53  1.43G  53 788.7M   0      0  4.21M      0   05:49   03:07   02:42  2.34M
 53  1.43G  53 792.1M   0      0  4.21M      0   05:49   03:08   02:41  2.63M
 54  1.43G  54 795.8M   0      0  4.20M      0   05:49   03:09   02:40  3.06M
 54  1.43G  54 799.0M   0      0  4.20M      0   05:50   03:10   02:40  3.24M
 54  1.43G  54 801.8M   0      0  4.19M      0   05:50   03:11   02:39  3.20M
 54  1.43G  54 805.5M   0      0  4.19M      0   05:51   03:12   02:39  3.32M
 54  1.43G  54 808.2M   0      0  4.18M      0   05:51   03:13   02:38  3.12M
 55  1.43G  55 810.1M   0      0  4.16M      0   05:53   03:14   02:39  2.74M
 55  1.43G  55 811.1M   0      0  4.14M      0   05:54   03:15   02:39  2.20M
 55  1.43G  55 815.8M   0      0  4.15M      0   05:54   03:16   02:38  2.55M
 55  1.43G  55 820.7M   0      0  4.15M      0   05:54   03:17   02:37  2.77M
 56  1.43G  56 827.1M   0      0  4.16M      0   05:53   03:18   02:35  3.52M
 56  1.43G  56 832.9M   0      0  4.17M      0   05:52   03:19   02:33  4.28M
 56  1.43G  56 837.3M   0      0  4.17M      0   05:52   03:20   02:32  5.19M
 57  1.43G  57 841.9M   0      0  4.17M      0   05:52   03:21   02:31  5.13M
 57  1.43G  57 847.1M   0      0  4.18M      0   05:52   03:22   02:30  5.21M
 57  1.43G  57 852.5M   0      0  4.18M      0   05:51   03:23   02:28  4.97M
 58  1.43G  58 858.1M   0      0  4.19M      0   05:51   03:24   02:27  4.92M
 58  1.43G  58 863.5M   0      0  4.19M      0   05:50   03:25   02:25  5.14M
 59  1.43G  59 868.9M   0      0  4.20M      0   05:50   03:26   02:24  5.35M
 59  1.43G  59 874.2M   0      0  4.20M      0   05:49   03:27   02:22  5.35M
 59  1.43G  59 879.1M   0      0  4.21M      0   05:49   03:28   02:21  5.30M
 60  1.43G  60 884.3M   0      0  4.21M      0   05:49   03:29   02:20  5.22M
 60  1.43G  60 889.5M   0      0  4.22M      0   05:48   03:30   02:18  5.19M
 60  1.43G  60 893.8M   0      0  4.22M      0   05:48   03:31   02:17  4.96M
 60  1.43G  60 896.5M   0      0  4.21M      0   05:49   03:32   02:17  4.44M
 61  1.43G  61 898.6M   0      0  4.20M      0   05:50   03:33   02:17  3.87M
 61  1.43G  61 899.8M   0      0  4.19M      0   05:51   03:34   02:17  3.09M
 61  1.43G  61 902.1M   0      0  4.18M      0   05:52   03:35   02:17  2.52M
 61  1.43G  61 904.7M   0      0  4.17M      0   05:52   03:36   02:16  2.17M
 61  1.43G  61 907.6M   0      0  4.16M      0   05:53   03:37   02:16  2.22M
 61  1.43G  61 910.9M   0      0  4.16M      0   05:53   03:38   02:15  2.45M
 62  1.43G  62 914.3M   0      0  4.16M      0   05:53   03:39   02:14  2.87M
 62  1.43G  62 918.0M   0      0  4.15M      0   05:53   03:40   02:13  3.16M
 62  1.43G  62 921.5M   0      0  4.15M      0   05:54   03:41   02:13  3.36M
 62  1.43G  62 925.1M   0      0  4.15M      0   05:54   03:42   02:12  3.48M
 63  1.43G  63 928.7M   0      0  4.15M      0   05:54   03:43   02:11  3.55M
 63  1.43G  63 932.1M   0      0  4.14M      0   05:54   03:44   02:10  3.55M
 63  1.43G  63 935.4M   0      0  4.14M      0   05:55   03:45   02:10  3.48M
 63  1.43G  63 937.8M   0      0  4.13M      0   05:56   03:46   02:10  3.14M
 63  1.43G  63 940.8M   0      0  4.12M      0   05:56   03:47   02:09  3.04M
 64  1.43G  64 945.2M   0      0  4.12M      0   05:56   03:48   02:08  3.19M
 64  1.43G  64 950.4M   0      0  4.13M      0   05:56   03:49   02:07  3.54M
 64  1.43G  64 955.9M   0      0  4.13M      0   05:55   03:50   02:05  3.92M
 65  1.43G  65 961.3M   0      0  4.14M      0   05:55   03:51   02:04  4.64M
 65  1.43G  65 966.5M   0      0  4.14M      0   05:54   03:52   02:02  5.06M
 66  1.43G  66 971.9M   0      0  4.15M      0   05:54   03:53   02:01  5.24M
 66  1.43G  66 977.1M   0      0  4.15M      0   05:54   03:54   02:00  5.24M
 66  1.43G  66 983.2M   0      0  4.16M      0   05:53   03:56   01:57  5.39M
 67  1.43G  67 987.8M   0      0  4.16M      0   05:53   03:57   01:56  5.22M
 67  1.43G  67 993.2M   0      0  4.17M      0   05:52   03:58   01:54  5.27M
 67  1.43G  67 998.3M   0      0  4.17M      0   05:52   03:59   01:53  5.20M
 68  1.43G  68  0.97G   0      0  4.18M      0   05:52   04:00   01:52  5.29M
 68  1.43G  68  0.98G   0      0  4.18M      0   05:51   04:01   01:50  5.15M
 68  1.43G  68  0.99G   0      0  4.19M      0   05:51   04:02   01:49  5.30M
 69  1.43G  69  0.99G   0      0  4.19M      0   05:51   04:03   01:48  5.05M
 69  1.43G  69  1.00G   0      0  4.19M      0   05:50   04:04   01:46  5.22M
 69  1.43G  69  1.00G   0      0  4.20M      0   05:50   04:05   01:45  5.21M
 70  1.43G  70  1.01G   0      0  4.20M      0   05:49   04:06   01:43  5.26M
 70  1.43G  70  1.01G   0      0  4.21M      0   05:49   04:07   01:42  5.29M
 71  1.43G  71  1.02G   0      0  4.21M      0   05:48   04:08   01:40  5.54M
 71  1.43G  71  1.02G   0      0  4.22M      0   05:48   04:09   01:39  5.52M
 71  1.43G  71  1.03G   0      0  4.22M      0   05:48   04:10   01:38  5.43M
 72  1.43G  72  1.03G   0      0  4.22M      0   05:48   04:11   01:37  4.99M
 72  1.43G  72  1.03G   0      0  4.22M      0   05:48   04:12   01:36  4.55M
 72  1.43G  72  1.04G   0      0  4.21M      0   05:49   04:13   01:36  4.07M
 72  1.43G  72  1.04G   0      0  4.20M      0   05:49   04:14   01:35  3.47M
 72  1.43G  72  1.04G   0      0  4.20M      0   05:50   04:15   01:35  2.96M
 73  1.43G  73  1.04G   0      0  4.19M      0   05:50   04:16   01:34  2.79M
 73  1.43G  73  1.05G   0      0  4.18M      0   05:51   04:17   01:34  2.50M
 73  1.43G  73  1.05G   0      0  4.17M      0   05:52   04:18   01:34  2.37M
 73  1.43G  73  1.05G   0      0  4.17M      0   05:52   04:19   01:33  2.26M
 73  1.43G  73  1.05G   0      0  4.16M      0   05:53   04:20   01:33  2.02M
 73  1.43G  73  1.05G   0      0  4.15M      0   05:54   04:21   01:33  1.91M
 73  1.43G  73  1.06G   0      0  4.14M      0   05:55   04:22   01:33  2.03M
 74  1.43G  74  1.06G   0      0  4.14M      0   05:55   04:23   01:32  2.13M
 74  1.43G  74  1.06G   0      0  4.13M      0   05:55   04:24   01:31  2.35M
 74  1.43G  74  1.07G   0      0  4.13M      0   05:56   04:25   01:31  2.79M
 74  1.43G  74  1.07G   0      0  4.13M      0   05:56   04:26   01:30  3.14M
 75  1.43G  75  1.08G   0      0  4.13M      0   05:55   04:27   01:28  3.71M
 75  1.43G  75  1.08G   0      0  4.14M      0   05:55   04:28   01:27  4.45M
 75  1.43G  75  1.09G   0      0  4.15M      0   05:54   04:29   01:25  5.02M
 76  1.43G  76  1.09G   0      0  4.15M      0   05:54   04:30   01:24  5.34M
 76  1.43G  76  1.10G   0      0  4.15M      0   05:53   04:31   01:22  5.51M
 77  1.43G  77  1.10G   0      0  4.16M      0   05:53   04:32   01:21  5.44M
 77  1.43G  77  1.11G   0      0  4.16M      0   05:53   04:33   01:20  4.90M
 77  1.43G  77  1.11G   0      0  4.16M      0   05:53   04:34   01:19  4.52M
 77  1.43G  77  1.12G   0      0  4.16M      0   05:53   04:35   01:18  4.54M
 78  1.43G  78  1.12G   0      0  4.16M      0   05:53   04:36   01:17  4.61M
 78  1.43G  78  1.12G   0      0  4.16M      0   05:53   04:37   01:16  4.57M
 78  1.43G  78  1.13G   0      0  4.16M      0   05:53   04:38   01:15  4.56M
 79  1.43G  79  1.13G   0      0  4.16M      0   05:53   04:39   01:14  4.55M
 79  1.43G  79  1.14G   0      0  4.16M      0   05:53   04:40   01:13  4.32M
 79  1.43G  79  1.14G   0      0  4.16M      0   05:53   04:41   01:12  4.28M
 79  1.43G  79  1.14G   0      0  4.16M      0   05:53   04:42   01:11  3.93M
 80  1.43G  80  1.15G   0      0  4.15M      0   05:54   04:43   01:11  3.47M
 80  1.43G  80  1.15G   0      0  4.14M      0   05:55   04:44   01:11  2.91M
 80  1.43G  80  1.15G   0      0  4.13M      0   05:55   04:45   01:10  2.47M
 80  1.43G  80  1.15G   0      0  4.13M      0   05:56   04:46   01:10  2.01M
 80  1.43G  80  1.15G   0      0  4.12M      0   05:56   04:47   01:09  1.98M
 80  1.43G  80  1.16G   0      0  4.12M      0   05:57   04:48   01:09  2.28M
 81  1.43G  81  1.16G   0      0  4.11M      0   05:57   04:49   01:08  2.67M
 81  1.43G  81  1.16G   0      0  4.11M      0   05:57   04:50   01:07  2.90M
 81  1.43G  81  1.17G   0      0  4.11M      0   05:58   04:51   01:07  3.00M
 81  1.43G  81  1.17G   0      0  4.10M      0   05:58   04:52   01:06  2.99M
 81  1.43G  81  1.17G   0      0  4.10M      0   05:58   04:53   01:05  2.89M
 82  1.43G  82  1.17G   0      0  4.09M      0   05:59   04:55   01:04  2.57M
 82  1.43G  82  1.17G   0      0  4.07M      0   06:01   04:56   01:05  2.01M
 82  1.43G  82  1.18G   0      0  4.07M      0   06:01   04:57   01:04  2.20M
 82  1.43G  82  1.18G   0      0  4.07M      0   06:01   04:58   01:03  2.44M
 82  1.43G  82  1.19G   0      0  4.07M      0   06:01   04:59   01:02  2.74M
 83  1.43G  83  1.19G   0      0  4.07M      0   06:00   05:00   01:00  3.40M
 83  1.43G  83  1.20G   0      0  4.08M      0   06:00   05:01   00:59  4.54M
 84  1.43G  84  1.20G   0      0  4.08M      0   06:00   05:02   00:58  4.90M
 84  1.43G  84  1.21G   0      0  4.09M      0   05:59   05:03   00:56  5.32M
 84  1.43G  84  1.21G   0      0  4.10M      0   05:58   05:04   00:54  5.62M
 85  1.43G  85  1.22G   0      0  4.10M      0   05:58   05:05   00:53  5.77M
 85  1.43G  85  1.22G   0      0  4.11M      0   05:58   05:06   00:52  5.76M
 85  1.43G  85  1.23G   0      0  4.11M      0   05:57   05:07   00:50  5.63M
 86  1.43G  86  1.23G   0      0  4.11M      0   05:57   05:08   00:49  5.19M
 86  1.43G  86  1.24G   0      0  4.12M      0   05:57   05:09   00:48  5.33M
 86  1.43G  86  1.25G   0      0  4.12M      0   05:56   05:10   00:46  5.16M
 87  1.43G  87  1.25G   0      0  4.12M      0   05:57   05:11   00:46  4.76M
 87  1.43G  87  1.25G   0      0  4.12M      0   05:57   05:12   00:45  4.46M
 87  1.43G  87  1.25G   0      0  4.11M      0   05:57   05:13   00:44  4.25M
 87  1.43G  87  1.26G   0      0  4.11M      0   05:57   05:14   00:43  3.51M
 88  1.43G  88  1.26G   0      0  4.10M      0   05:58   05:15   00:43  3.06M
 88  1.43G  88  1.26G   0      0  4.09M      0   05:59   05:16   00:43  2.77M
 88  1.43G  88  1.26G   0      0  4.09M      0   05:59   05:17   00:42  2.36M
 88  1.43G  88  1.26G   0      0  4.08M      0   06:00   05:18   00:42  1.95M
 88  1.43G  88  1.27G   0      0  4.07M      0   06:01   05:19   00:42  1.79M
 88  1.43G  88  1.27G   0      0  4.07M      0   06:01   05:20   00:41  1.82M
 88  1.43G  88  1.27G   0      0  4.06M      0   06:01   05:21   00:40  2.02M
 89  1.43G  89  1.28G   0      0  4.06M      0   06:02   05:22   00:40  2.35M
 89  1.43G  89  1.28G   0      0  4.06M      0   06:02   05:23   00:39  2.71M
 89  1.43G  89  1.28G   0      0  4.05M      0   06:03   05:24   00:39  2.63M
 89  1.43G  89  1.28G   0      0  4.04M      0   06:03   05:25   00:38  2.41M
 89  1.43G  89  1.28G   0      0  4.03M      0   06:04   05:26   00:38  2.02M
 89  1.43G  89  1.28G   0      0  4.02M      0   06:05   05:27   00:38  1.53M
 89  1.43G  89  1.28G   0      0  4.01M      0   06:06   05:28   00:38  1.08M
 89  1.43G  89  1.28G   0      0  4.00M      0   06:07   05:29   00:38 875.4k
 89  1.43G  89  1.29G   0      0  3.99M      0   06:08   05:30   00:38 706.6k
 89  1.43G  89  1.29G   0      0  3.98M      0   06:09   05:31   00:38 635.4k
 89  1.43G  89  1.29G   0      0  3.97M      0   06:10   05:32   00:38 621.9k
 89  1.43G  89  1.29G   0      0  3.96M      0   06:11   05:33   00:38 651.4k
 89  1.43G  89  1.29G   0      0  3.95M      0   06:12   05:34   00:38 715.3k
 90  1.43G  90  1.29G   0      0  3.94M      0   06:13   05:35   00:38 863.5k
 90  1.43G  90  1.29G   0      0  3.93M      0   06:13   05:36   00:37 993.2k
 90  1.43G  90  1.29G   0      0  3.93M      0   06:14   05:37   00:37  1.31M
 90  1.43G  90  1.29G   0      0  3.92M      0   06:14   05:38   00:36  1.51M
 90  1.43G  90  1.30G   0      0  3.91M      0   06:15   05:39   00:36  1.68M
 90  1.43G  90  1.30G   0      0  3.91M      0   06:16   05:40   00:36  1.77M
 90  1.43G  90  1.30G   0      0  3.90M      0   06:16   05:41   00:35  1.85M
 90  1.43G  90  1.30G   0      0  3.90M      0   06:17   05:42   00:35  1.75M
 91  1.43G  91  1.30G   0      0  3.89M      0   06:17   05:43   00:34  1.76M
 91  1.43G  91  1.30G   0      0  3.88M      0   06:18   05:44   00:34  1.73M
 91  1.43G  91  1.31G   0      0  3.87M      0   06:19   05:45   00:34  1.58M
 91  1.43G  91  1.31G   0      0  3.87M      0   06:20   05:46   00:34  1.38M
 91  1.43G  91  1.31G   0      0  3.85M      0   06:21   05:48   00:33  1.04M
 91  1.43G  91  1.31G   0      0  3.85M      0   06:22   05:49   00:33  0.98M
 91  1.43G  91  1.31G   0      0  3.84M      0   06:22   05:50   00:32  1.02M
 91  1.43G  91  1.31G   0      0  3.83M      0   06:23   05:51   00:32  1.18M
 91  1.43G  91  1.31G   0      0  3.83M      0   06:23   05:52   00:31  1.44M
 91  1.43G  91  1.32G   0      0  3.83M      0   06:24   05:53   00:31  1.87M
 92  1.43G  92  1.32G   0      0  3.82M      0   06:24   05:54   00:30  2.06M
 92  1.43G  92  1.32G   0      0  3.82M      0   06:25   05:55   00:30  2.17M
 92  1.43G  92  1.32G   0      0  3.81M      0   06:25   05:56   00:29  2.35M
 92  1.43G  92  1.33G   0      0  3.81M      0   06:25   05:57   00:28  2.58M
 92  1.43G  92  1.33G   0      0  3.81M      0   06:25   05:58   00:27  2.73M
 92  1.43G  92  1.33G   0      0  3.81M      0   06:26   05:59   00:27  2.72M
 93  1.43G  93  1.33G   0      0  3.80M      0   06:26   06:00   00:26  2.71M
 93  1.43G  93  1.34G   0      0  3.80M      0   06:26   06:01   00:25  2.85M
 93  1.43G  93  1.34G   0      0  3.80M      0   06:27   06:02   00:25  2.86M
 93  1.43G  93  1.34G   0      0  3.80M      0   06:26   06:03   00:23  3.12M
 94  1.43G  94  1.35G   0      0  3.81M      0   06:26   06:04   00:22  3.86M
 94  1.43G  94  1.36G   0      0  3.81M      0   06:25   06:05   00:20  4.54M
 95  1.43G  95  1.36G   0      0  3.81M      0   06:25   06:06   00:19  4.74M
 95  1.43G  95  1.37G   0      0  3.82M      0   06:25   06:07   00:18  5.07M
 95  1.43G  95  1.37G   0      0  3.82M      0   06:24   06:08   00:16  5.20M
 96  1.43G  96  1.37G   0      0  3.82M      0   06:24   06:09   00:15  4.96M
 96  1.43G  96  1.38G   0      0  3.83M      0   06:24   06:10   00:14  4.97M
 96  1.43G  96  1.39G   0      0  3.83M      0   06:23   06:11   00:12  5.12M
 97  1.43G  97  1.39G   0      0  3.84M      0   06:23   06:12   00:11  5.26M
 97  1.43G  97  1.40G   0      0  3.84M      0   06:22   06:13   00:09  5.23M
 97  1.43G  97  1.40G   0      0  3.84M      0   06:22   06:14   00:08  5.29M
 98  1.43G  98  1.41G   0      0  3.85M      0   06:22   06:15   00:07  5.19M
 98  1.43G  98  1.41G   0      0  3.85M      0   06:22   06:16   00:06  5.08M
 98  1.43G  98  1.42G   0      0  3.85M      0   06:21   06:17   00:04  4.94M
 99  1.43G  99  1.42G   0      0  3.86M      0   06:21   06:18   00:03  5.04M
 99  1.43G  99  1.43G   0      0  3.86M      0   06:20   06:19   00:01  5.13M
 99  1.43G  99  1.43G   0      0  3.86M      0   06:20   06:20          5.15M
100  1.43G 100  1.43G   0      0  3.86M      0   06:20   06:20          5.15M
100  1.43G 100  1.43G   0      0  3.86M      0   06:20   06:20          5.15M
100  1.43G 100  1.43G   0      0  3.86M      0   06:20   06:20          5.15M
