INFO         | Android emulator version 37.1.11.0 (build_id 15917651) (CL:N/A)
INFO         | Graphics backend: gfxstream
INFO         | Found systemPath C:\Users\Andrej\AppData\Local\Android\Sdk\system-images\android-36\google_apis_playstore\x86_64\
INFO         | Guest usage of host flag 'VulkanVirtualQueue' will be ignored.
INFO         | IPv4 server found: 192.168.1.1
INFO         | Ignore IPv6 address: d080:9002:3b02:0:d080:9002:3b02:0
INFO         | Ignore IPv6 address: d080:9002:3b02:0:d080:9002:3b02:0
INFO         | Ignore IPv6 address: d080:9002:3b02:0:d080:9002:3b02:0
INFO         | Ignore IPv6 address: e886:9002:3b02:0:d080:9002:3b02:0
INFO         | Ignore IPv6 address: e886:9002:3b02:0:d080:9002:3b02:0
INFO         | Ignore IPv6 address: e886:9002:3b02:0:d080:9002:3b02:0
INFO         | Ignore IPv6 address: 88d:9002:3b02:0:d080:9002:3b02:0
INFO         | Ignore IPv6 address: 88d:9002:3b02:0:d080:9002:3b02:0
INFO         | Ignore IPv6 address: 4095:9002:3b02:0:d080:9002:3b02:0
INFO         | Ignore IPv6 address: 4095:9002:3b02:0:d080:9002:3b02:0
INFO         | Ignore IPv6 address: 4095:9002:3b02:0:d080:9002:3b02:0
INFO         | Ignore IPv6 address: c8a0:9002:3b02:0:d080:9002:3b02:0
INFO         | Ignore IPv6 address: c8a0:9002:3b02:0:d080:9002:3b02:0
INFO         | Ignore IPv6 address: c8a0:9002:3b02:0:d080:9002:3b02:0
INFO         | Guest GLES Driver: Auto (ext controls)
INFO         | emuglConfig_init: vulkan_mode_selected:swiftshader gles_mode_selected:swiftshader
INFO         | Checking system compatibility:
INFO         |   Checking: hasCompatibleHypervisor
INFO         |      Ok: Hypervisor compatibility to run avd: `Pixel_8` are met
INFO         |   Checking: hasSufficientSystem
INFO         |      Ok: System requirements to run avd: `Pixel_8` are met
INFO         |   Checking: hasSufficientHwGpu
INFO         |      Ok: Hardware GPU compatibility checks are not required
INFO         |   Checking: hasSufficientDiskSpace
INFO         |      Ok: Disk space requirements to run avd: `Pixel_8` are met
WARNING      | Another emulator is still running, wait for a sec...
WARNING      | Another emulator is still running, wait for a sec...
WARNING      | Another emulator is still running, wait for a sec...
ERROR        | Another emulator instance is running. Please close it or run all emulators with -read-only flag.

