INFO         | Android emulator version 37.1.11.0 (build_id 15917651) (CL:N/A)
INFO         | Graphics backend: gfxstream
INFO         | Found systemPath C:\Users\Andrej\AppData\Local\Android\Sdk\system-images\android-36\google_apis_playstore\x86_64\
INFO         | Guest usage of host flag 'VulkanVirtualQueue' will be ignored.
INFO         | Increasing RAM size to 2560MB
INFO         | IPv4 server found: 192.168.1.1
INFO         | Ignore IPv6 address: b0a0:332d:5b02:0:b0a0:332d:5b02:0
INFO         | Ignore IPv6 address: b0a0:332d:5b02:0:b0a0:332d:5b02:0
INFO         | Ignore IPv6 address: b0a0:332d:5b02:0:b0a0:332d:5b02:0
INFO         | Ignore IPv6 address: c8a6:332d:5b02:0:b0a0:332d:5b02:0
INFO         | Ignore IPv6 address: c8a6:332d:5b02:0:b0a0:332d:5b02:0
INFO         | Ignore IPv6 address: c8a6:332d:5b02:0:b0a0:332d:5b02:0
INFO         | Ignore IPv6 address: e8ac:332d:5b02:0:b0a0:332d:5b02:0
INFO         | Ignore IPv6 address: e8ac:332d:5b02:0:b0a0:332d:5b02:0
INFO         | Ignore IPv6 address: 20b5:332d:5b02:0:b0a0:332d:5b02:0
INFO         | Ignore IPv6 address: 20b5:332d:5b02:0:b0a0:332d:5b02:0
INFO         | Ignore IPv6 address: 20b5:332d:5b02:0:b0a0:332d:5b02:0
INFO         | Ignore IPv6 address: a8c0:332d:5b02:0:b0a0:332d:5b02:0
INFO         | Ignore IPv6 address: a8c0:332d:5b02:0:b0a0:332d:5b02:0
INFO         | Ignore IPv6 address: a8c0:332d:5b02:0:b0a0:332d:5b02:0
INFO         | Guest GLES Driver: Auto (ext controls)
INFO         | emuglConfig_init: vulkan_mode_selected:swiftshader gles_mode_selected:swiftshader
INFO         | Checking system compatibility:
INFO         |   Checking: hasCompatibleHypervisor
INFO         |      Ok: Hypervisor compatibility to run avd: `OLW_PH01_API36` are met
INFO         |   Checking: hasSufficientSystem
INFO         |      Ok: System requirements to run avd: `OLW_PH01_API36` are met
INFO         |   Checking: hasSufficientHwGpu
INFO         |      Ok: Hardware GPU compatibility checks are not required
INFO         |   Checking: hasSufficientDiskSpace
INFO         |      Ok: Disk space requirements to run avd: `OLW_PH01_API36` are met
INFO         | Storing crashdata in: C:\Users\Andrej\AppData\Local\Temp\\AndroidEmulator\emu-crash-37.1.11.db, detection is enabled for process: 72272
INFO         | Initializing gfxstream backend
INFO         | startOpenglesRendererImpl: gpu info
INFO         | GPU #1
  Make: 10de
  Model: NVIDIA GeForce RTX 3060 Laptop GPU
  Device ID: 2520

INFO         | Disabling implicit Vulkan layers to avoid compatibility issues. Set VK_LOADER_LAYERS_DISABLE manually to disable this behavior.
INFO         | initIcdPaths: ICD set to 'swiftshader', using Swiftshader ICD
INFO         | Setting ICD filenames for the loader = C:\Users\Andrej\Downloads\One Lane War\Builds\T001\emulator\lib64\vulkan\vk_swiftshader_icd.json
INFO         | SharedLibrary::open for [C:\Users\Andrej\Downloads\One Lane War\Builds\T001\emulator\qemu\windows-x86_64\lib64\vulkan\vulkan-1.dll]
INFO         | SharedLibrary::open for [C:\Users\Andrej\Downloads\One Lane War\Builds\T001\emulator\lib64\vulkan\vulkan-1.dll]
INFO         | Added library: C:\Users\Andrej\Downloads\One Lane War\Builds\T001\emulator\lib64\vulkan\vulkan-1.dll
INFO         | Selecting Vulkan device: SwiftShader Device (LLVM 10.0.0), Version: 1.2.0
INFO         | Using Vulkan externalMemoryMode: HostAllocation for VkEmulation
INFO         | Initializing VkEmulation features:
INFO         |     glInteropSupported: false
INFO         |     useDeferredCommands: true
INFO         |     createResourceWithRequirements: true
INFO         |     useVulkanComposition: false
INFO         |     useVulkanNativeSwapchain: false
INFO         |     enable guestRenderDoc: false
INFO         |     ASTC LDR emulation mode: Gpu
INFO         |     enable ETC2 emulation: true
INFO         |     enable Ycbcr emulation: false
INFO         |     guestVulkanOnly: false
INFO         |     useDedicatedAllocations: false
INFO         |     guestVulkanMaxApiVersion: 1.3.0
INFO         |     enableProtectedMemoryEmulation: false
INFO         | Graphics Adapter Vendor Google (Google Inc.)
INFO         | Graphics Adapter Android Emulator OpenGL ES Translator (Google SwiftShader)
INFO         | Graphics API Version OpenGL ES 3.0 (OpenGL ES 3.0 SwiftShader 4.0.0.1)
INFO         | Graphics API Extensions GL_OES_EGL_sync GL_OES_EGL_image GL_OES_EGL_image_external GL_OES_depth24 GL_OES_depth32 GL_OES_element_index_uint GL_OES_texture_float GL_OES_texture_float_linear GL_OES_compressed_paletted_texture GL_OES_compressed_ETC1_RGB8_texture GL_OES_depth_texture GL_OES_texture_half_float GL_OES_texture_half_float_linear GL_OES_packed_depth_stencil GL_OES_vertex_half_float GL_OES_standard_derivatives GL_OES_texture_npot GL_OES_rgb8_rgba8 GL_EXT_color_buffer_float GL_EXT_color_buffer_half_float GL_EXT_texture_format_BGRA8888 GL_APPLE_texture_format_BGRA8888 
INFO         | Graphics Device Extensions N/A
INFO         | Disabling sparse binding feature support
INFO         | Sending adb public key [QAAAABPTLZPlEAsT+IqiGleR/U1d36rkyOrH2UrbDPC6YUjMwCGdjFWfXVGtLrLYIQ5CkLhA6aTV9mgL3z8Gg7cnjU6AnF+PPhH0SL53xSsUgEzClCjrey6ZMa9VzEPj5NmAMZuOWHHKnQqlb1uy1p2h3yqPMKcJOJQ9PwBbxM2Mgk54f5Ic9oEv3yv8olTIwfOmzcsk2RaLRDll63defc79GTMSiv0Mff+zEwoNCJp9kdiadG82rQJNy+OXDDS73BiBz50ymayKtvdMGo+aZcEzbWZf/Il2je2r/hBAMuwOa8iixUUXgQiWeHtsRPX6lGrFiq7e8Rze/jKHo+1qwN9PVqE5yuS4wTXulOuj4s82DPNKWGjTxv9FJwPYI13phnfPPkfErK5xEP1iRb5G9ygxMrGJr8Dv7POuc52GyevkLoBAT2M2SqhbX1YQqJAehWtHj8/ajMMR6tYofIfyNge3FoyEmcAgc2aknXSnJF/KVM4tgGcDy46tJVRtkACGL+TkIJ/2MO/gQbtK0YWDbXSdxbdm9zOf+SlbA2MKQ+6edcLWzrBp7i5xm/uHxHEq5r5kV8C9I5cWOvbgiGIbIcK2f60T64NRRxcBF/TY56r9W9UIDYg23V3jJTmI7BBxI5vMrRE8aDfPq0bcKSxX8SdOKz9wgTORc6L3LkSEeHN7DqhIntrYVwEAAQA= @unknown]
INFO         | Userspace boot properties:
INFO         |   androidboot.boot_devices=pci0000:00/0000:00:03.0 pci0000:00/0000:00:06.0
INFO         |   androidboot.dalvik.vm.heapsize=576m
INFO         |   androidboot.debug.hwui.renderer=skiagl
INFO         |   androidboot.hardware=ranchu
INFO         |   androidboot.hardware.gltransport=pipe
INFO         |   androidboot.hardware.vulkan=ranchu
INFO         |   androidboot.logcat=*:V
INFO         |   androidboot.opengles.version=196608
INFO         |   androidboot.qemu=1
INFO         |   androidboot.qemu.adb.pubkey=QAAAABPTLZPlEAsT+IqiGleR/U1d36rkyOrH2UrbDPC6YUjMwCGdjFWfXVGtLrLYIQ5CkLhA6aTV9mgL3z8Gg7cnjU6AnF+PPhH0SL53xSsUgEzClCjrey6ZMa9VzEPj5NmAMZuOWHHKnQqlb1uy1p2h3yqPMKcJOJQ9PwBbxM2Mgk54f5Ic9oEv3yv8olTIwfOmzcsk2RaLRDll63defc79GTMSiv0Mff+zEwoNCJp9kdiadG82rQJNy+OXDDS73BiBz50ymayKtvdMGo+aZcEzbWZf/Il2je2r/hBAMuwOa8iixUUXgQiWeHtsRPX6lGrFiq7e8Rze/jKHo+1qwN9PVqE5yuS4wTXulOuj4s82DPNKWGjTxv9FJwPYI13phnfPPkfErK5xEP1iRb5G9ygxMrGJr8Dv7POuc52GyevkLoBAT2M2SqhbX1YQqJAehWtHj8/ajMMR6tYofIfyNge3FoyEmcAgc2aknXSnJF/KVM4tgGcDy46tJVRtkACGL+TkIJ/2MO/gQbtK0YWDbXSdxbdm9zOf+SlbA2MKQ+6edcLWzrBp7i5xm/uHxHEq5r5kV8C9I5cWOvbgiGIbIcK2f60T64NRRxcBF/TY56r9W9UIDYg23V3jJTmI7BBxI5vMrRE8aDfPq0bcKSxX8SdOKz9wgTORc6L3LkSEeHN7DqhIntrYVwEAAQA= @unknown
INFO         |   androidboot.qemu.avd_name=OLW_PH01_API36
INFO         |   androidboot.qemu.camera_hq_edge_processing=0
INFO         |   androidboot.qemu.camera_protocol_ver=1
INFO         |   androidboot.qemu.cpuvulkan.version=4206592
INFO         |   androidboot.qemu.gltransport.drawFlushInterval=800
INFO         |   androidboot.qemu.gltransport.name=pipe
INFO         |   androidboot.qemu.hwcodec.avcdec=2
INFO         |   androidboot.qemu.hwcodec.hevcdec=2
INFO         |   androidboot.qemu.hwcodec.vpxdec=2
INFO         |   androidboot.qemu.settings.system.screen_off_timeout=2147483647
INFO         |   androidboot.qemu.skin=1080x2400
INFO         |   androidboot.qemu.virtiowifi=1
INFO         |   androidboot.qemu.vsync=60
INFO         |   androidboot.serialno=EMULATOR37X1X11X0
INFO         |   androidboot.vbmeta.digest=43d61dbc053c8dbf3adaff951e5bdfcf174ece9dd24ffe8e6120f951cb412b2a
INFO         |   androidboot.vbmeta.hash_alg=sha256
INFO         |   androidboot.vbmeta.size=6784
INFO         |   androidboot.veritymode=enforcing
AEHD is operational
host doesn't support requested feature: CPUID.01H:ECX.xsave [bit 26]
host doesn't support requested feature: CPUID.01H:ECX.avx [bit 28]
host doesn't support requested feature: CPUID.01H:ECX.xsave [bit 26]
host doesn't support requested feature: CPUID.01H:ECX.avx [bit 28]
INFO         | Activated packet streamer for uwb emulation
INFO         | Activated packet streamer for bluetooth emulation
INFO         | Monitoring duration of emulator setup.
INFO         | Successfully initialized netsim WiFi
INFO         | Setting display: 0 configuration to: 1080x2400, dpi: 420x420 
INFO         | setDisplayActiveConfig: id:0, 1080x2400
INFO         | emulatorSetupEnvironment: Environment scene is not required
USER_INFO    | Emulator is performing a full startup. This may take upto two minutes, or more.
INFO         | Boot completed in 156042 ms
INFO         | Increasing screen off timeout, logcat buffer size to 2M.
INFO         | IPv4 server found: 192.168.1.1
INFO         | Ignore IPv6 address: 10fe:53e5:5b02:0:10fe:53e5:5b02:0
INFO         | Ignore IPv6 address: 10fe:53e5:5b02:0:10fe:53e5:5b02:0
INFO         | Ignore IPv6 address: 10fe:53e5:5b02:0:10fe:53e5:5b02:0
INFO         | Ignore IPv6 address: 2804:54e5:5b02:0:10fe:53e5:5b02:0
INFO         | Ignore IPv6 address: 2804:54e5:5b02:0:10fe:53e5:5b02:0
INFO         | Ignore IPv6 address: 2804:54e5:5b02:0:10fe:53e5:5b02:0
INFO         | Ignore IPv6 address: 480a:54e5:5b02:0:10fe:53e5:5b02:0
INFO         | Ignore IPv6 address: 480a:54e5:5b02:0:10fe:53e5:5b02:0
INFO         | Ignore IPv6 address: 8012:54e5:5b02:0:10fe:53e5:5b02:0
INFO         | Ignore IPv6 address: 8012:54e5:5b02:0:10fe:53e5:5b02:0
INFO         | Ignore IPv6 address: 8012:54e5:5b02:0:10fe:53e5:5b02:0
INFO         | Ignore IPv6 address: 81e:54e5:5b02:0:10fe:53e5:5b02:0
INFO         | Ignore IPv6 address: 81e:54e5:5b02:0:10fe:53e5:5b02:0
INFO         | Ignore IPv6 address: 81e:54e5:5b02:0:10fe:53e5:5b02:0
INFO         | IPv4 server found: 192.168.1.1
INFO         | Ignore IPv6 address: 10fe:53e5:5b02:0:10fe:53e5:5b02:0
INFO         | Ignore IPv6 address: 10fe:53e5:5b02:0:10fe:53e5:5b02:0
INFO         | Ignore IPv6 address: 10fe:53e5:5b02:0:10fe:53e5:5b02:0
INFO         | Ignore IPv6 address: 2804:54e5:5b02:0:10fe:53e5:5b02:0
INFO         | Ignore IPv6 address: 2804:54e5:5b02:0:10fe:53e5:5b02:0
INFO         | Ignore IPv6 address: 2804:54e5:5b02:0:10fe:53e5:5b02:0
INFO         | Ignore IPv6 address: 480a:54e5:5b02:0:10fe:53e5:5b02:0
INFO         | Ignore IPv6 address: 480a:54e5:5b02:0:10fe:53e5:5b02:0
INFO         | Ignore IPv6 address: 8012:54e5:5b02:0:10fe:53e5:5b02:0
INFO         | Ignore IPv6 address: 8012:54e5:5b02:0:10fe:53e5:5b02:0
INFO         | Ignore IPv6 address: 8012:54e5:5b02:0:10fe:53e5:5b02:0
INFO         | Ignore IPv6 address: 81e:54e5:5b02:0:10fe:53e5:5b02:0
INFO         | Ignore IPv6 address: 81e:54e5:5b02:0:10fe:53e5:5b02:0
INFO         | Ignore IPv6 address: 81e:54e5:5b02:0:10fe:53e5:5b02:0
INFO         | IPv4 server found: 192.168.1.1
INFO         | Ignore IPv6 address: 10fe:53e5:5b02:0:10fe:53e5:5b02:0
INFO         | Ignore IPv6 address: 10fe:53e5:5b02:0:10fe:53e5:5b02:0
INFO         | Ignore IPv6 address: 10fe:53e5:5b02:0:10fe:53e5:5b02:0
INFO         | Ignore IPv6 address: 2804:54e5:5b02:0:10fe:53e5:5b02:0
INFO         | Ignore IPv6 address: 2804:54e5:5b02:0:10fe:53e5:5b02:0
INFO         | Ignore IPv6 address: 2804:54e5:5b02:0:10fe:53e5:5b02:0
INFO         | Ignore IPv6 address: 480a:54e5:5b02:0:10fe:53e5:5b02:0
INFO         | Ignore IPv6 address: 480a:54e5:5b02:0:10fe:53e5:5b02:0
INFO         | Ignore IPv6 address: 8012:54e5:5b02:0:10fe:53e5:5b02:0
INFO         | Ignore IPv6 address: 8012:54e5:5b02:0:10fe:53e5:5b02:0
INFO         | Ignore IPv6 address: 8012:54e5:5b02:0:10fe:53e5:5b02:0
INFO         | Ignore IPv6 address: 81e:54e5:5b02:0:10fe:53e5:5b02:0
INFO         | Ignore IPv6 address: 81e:54e5:5b02:0:10fe:53e5:5b02:0
INFO         | Ignore IPv6 address: 81e:54e5:5b02:0:10fe:53e5:5b02:0
INFO         | Wait for emulator (pid 72272) 20 seconds to shutdown gracefully before kill;you can set environment variable ANDROID_EMULATOR_WAIT_TIME_BEFORE_KILL(in seconds) to change the default value (20 seconds)

WARNING      | Not saving state: RAM not mapped as shared
INFO         | Saving snapshot 'default_boot' using 9 ms
WARNING      | Emulator client has not yet been configured.. Call configure me first!
INFO         | removeAll
WARNING      | Netsim Wifi dns:///localhost:52086 is gone due to Stream removed (CANCELLED)
