[Licensing::Module] Trying to connect to existing licensing client channel...
Built from '6000.3/staging' branch; Version is '6000.3.21f1 (c02631ffc030) revision 12592689'; Using compiler version '194234433'; Build Type 'Release'
[Licensing::IpcConnector] Channel LicenseClient-Andrej doesn't exist
OS: 'Windows 11  (10.0.26200) Professional' Language: 'en' Physical Memory: 15724 MB
BatchMode: 1, IsHumanControllingUs: 0, StartBugReporterOnCrash: 0, Is64bit: 1
System  architecture: x64
Process architecture: x64
Date: 2026-09-27T19:43:51Z
[Licensing::Module] Successfully launched the LicensingClient (PId: 62704)
[Licensing::IpcConnector] Successfully connected to: "LicenseClient-Andrej" at "2026-09-27T19:43:51.8648921Z"
[Licensing::Client] Code 10 while verifying Licensing Client signature (process Id: 62704, path: "C:/Program Files/Unity/Hub/Editor/6000.3.21f1/Editor/Data/Resources/Licensing/Client/Unity.Licensing.Client.exe")
[Licensing::Module] LicensingClient has failed validation; ignoring
[Licensing::Client] Handshaking with LicensingClient:
  Version:                 1.18.1+9fbee8e
  Session Id:              912ca10854884c668192f21b62d6bbde
  Correlation Id:          1d1aaf65525ae8370e5f6ff3377a0580
  External correlation Id: 1031289159870339798
  Machine Id: [REDACTED]
[Licensing::Module] Successfully connected to LicensingClient on channel: "LicenseClient-Andrej" (connect: 0.38s, validation: 0.15s, handshake: 0.08s)
[Licensing::IpcConnector] Successfully connected to: "LicenseClient-Andrej-notifications" at "2026-09-27T19:43:52.102222Z"
[Licensing::Module] Connected to LicensingClient (PId: 62704, launch time: 0.01, total connection time: 0.61s)
[Licensing::Module] Error: Access token is unavailable; failed to update
[Licensing::Client] Successfully resolved entitlement details
[Licensing::Module] License group:
  Id: F4-YJKE-ZXTP-R3H2-JWDT-XXXX
  Product: Unity Personal
  Type: ULF
  Expiration: Unlimited
[Licensing::Module] License group:
  Id: 6872858344471-UnityPersXXXX
  Product: Unity Personal
  Type: Assigned
  Expiration: Unlimited
[Licensing::Client] Successfully updated license, isAsync: True, time: 0.01
[Licensing::Client] Successfully resolved entitlement details
[Licensing::Module] License group:
  Id: F4-YJKE-ZXTP-R3H2-JWDT-XXXX
  Product: Unity Personal
  Type: ULF
  Expiration: Unlimited
[Licensing::Module] License group:
  Id: 6872858344471-UnityPersXXXX
  Product: Unity Personal
  Type: Assigned
  Expiration: Unlimited
[Licensing::Module] Licensing Background thread has ended after 0.73s

COMMAND LINE ARGUMENTS:
C:\Program Files\Unity\Hub\Editor\6000.3.21f1\Editor\Unity.exe
-batchmode
-nographics
-quit
-projectPath
C:\Users\Andrej\Downloads\One Lane War
-executeMethod
OneLaneWar.Editor.BuildTools.Prepare
-logFile
C:\Users\Andrej\Downloads\One Lane War\ImplementationEvidence\OLW-CORE-001\resume005\unity-prepare-r1.log
Successfully changed project path to: C:\Users\Andrej\Downloads\One Lane War
C:/Users/Andrej/Downloads/One Lane War
[UnityMemory] Configuration Parameters - Can be set up in boot.config
    "memorysetup-temp-allocator-size-nav-mesh-worker=65536"
    "memorysetup-temp-allocator-size-audio-worker=65536"
    "memorysetup-temp-allocator-size-gfx=262144"
    "memorysetup-allocator-temp-initial-block-size-main=262144"
    "memorysetup-allocator-temp-initial-block-size-worker=262144"
    "memorysetup-temp-allocator-size-background-worker=32768"
    "memorysetup-temp-allocator-size-job-worker=262144"
    "memorysetup-temp-allocator-size-preload-manager=33554432"
    "memorysetup-temp-allocator-size-gi-baking-worker=262144"
    "memorysetup-temp-allocator-size-gi-baking-worker=262144"
    "memorysetup-temp-allocator-size-gi-baking-worker=262144"
    "memorysetup-temp-allocator-size-gi-baking-worker=262144"
    "memorysetup-temp-allocator-size-gi-baking-worker=262144"
    "memorysetup-bucket-allocator-granularity=16"
    "memorysetup-bucket-allocator-bucket-count=8"
    "memorysetup-bucket-allocator-block-size=33554432"
    "memorysetup-bucket-allocator-block-count=8"
    "memorysetup-main-allocator-block-size=16777216"
    "memorysetup-thread-allocator-block-size=16777216"
    "memorysetup-gfx-main-allocator-block-size=16777216"
    "memorysetup-gfx-thread-allocator-block-size=16777216"
    "memorysetup-cache-allocator-block-size=4194304"
    "memorysetup-typetree-allocator-block-size=2097152"
    "memorysetup-profiler-bucket-allocator-granularity=16"
    "memorysetup-profiler-bucket-allocator-bucket-count=8"
    "memorysetup-profiler-bucket-allocator-block-size=33554432"
    "memorysetup-profiler-bucket-allocator-block-count=8"
    "memorysetup-profiler-allocator-block-size=16777216"
    "memorysetup-profiler-editor-allocator-block-size=1048576"
    "memorysetup-temp-allocator-size-main=16777216"
    "memorysetup-job-temp-allocator-block-size=2097152"
    "memorysetup-job-temp-allocator-block-size-background=1048576"
    "memorysetup-job-temp-allocator-reduction-small-platforms=262144"
    "memorysetup-temp-allocator-size-cloud-worker=32768"
Player connection [59680]  Target information:

Player connection [59680]  * "[IP] 192.168.1.3 [Port] 55504 [Flags] 2 [Guid] 3975984132 [EditorId] 3975984132 [Version] 1048832 [Id] WindowsEditor(7,Andrej) [Debug] 1 [PackageName] WindowsEditor [ProjectName] Editor" 

Player connection [59680] Host joined multi-casting on [225.0.0.222:54997]...
Player connection [59680] Host joined alternative multi-casting on [225.0.0.222:34997]...
Input System module state changed to: Initialized.
[Physics::Module] Initialized fallback backend.
[Physics::Module] Id: 0xdecafbad
[Package Manager] Connected to IPC stream "Upm-60960" after 0.4 seconds.
[Licensing::Client] Successfully resolved entitlement details
[Licensing::Module] License group:
  Id: F4-YJKE-ZXTP-R3H2-JWDT-XXXX
  Product: Unity Personal
  Type: ULF
  Expiration: Unlimited
[Licensing::Module] License group:
  Id: 6872858344471-UnityPersXXXX
  Product: Unity Personal
  Type: Assigned
  Expiration: Unlimited
Library Redirect Path: Library/
[Physics::Module] Selected backend.
[Physics::Module] Name: PhysX
[Physics::Module] Id: 0xf2b8ea05
[Physics::Module] SDK Version: 4.1.2
[Physics::Module] Integration Version: 1.0.0
[Physics::Module] Threading Mode: Multi-Threaded
Refreshing native plugins compatible for Editor in 0.16 ms, found 0 plugins.
Preloading 0 native plugins for Editor in 0.00 ms.
Initialize engine version: 6000.3.21f1 (c02631ffc030)
[Subsystems] Discovering subsystems at path C:/Program Files/Unity/Hub/Editor/6000.3.21f1/Editor/Data/Resources/UnitySubsystems
[Subsystems] Discovering subsystems at path C:/Users/Andrej/Downloads/One Lane War/Assets
Forcing GfxDevice: Null
GfxDevice: creating device client; kGfxThreadingModeNonThreaded
NullGfxDevice:
    Version:  NULL 1.0 [1.0]
    Renderer: Null Device
    Vendor:   Unity Technologies
Initialize mono
Mono path[0] = 'C:/Program Files/Unity/Hub/Editor/6000.3.21f1/Editor/Data/Managed'
Mono path[1] = 'C:/Program Files/Unity/Hub/Editor/6000.3.21f1/Editor/Data/MonoBleedingEdge/lib/mono/unityjit-win32'
Mono config path = 'C:/Program Files/Unity/Hub/Editor/6000.3.21f1/Editor/Data/MonoBleedingEdge/etc'
Using monoOptions --debugger-agent=transport=dt_socket,embedding=1,server=y,suspend=n,address=127.0.0.1:56960
Using cacheserver namespaces - metadata:defaultmetadata, artifacts:defaultartifacts
Using cacheserver namespaces - metadata:defaultmetadata, artifacts:defaultartifacts
ImportWorker Server TCP listen port: 0
AcceleratorClientConnectionCallback - disconnected - :0
Begin MonoManager ReloadAssembly
Registering precompiled unity dll's ...
Register platform support module: C:/Program Files/Unity/Hub/Editor/6000.3.21f1/Editor/Data/PlaybackEngines/WindowsStandaloneSupport/UnityEditor.WindowsStandalone.Extensions.dll
Registered in 0.005130 seconds.
- Loaded All Assemblies, in  0.816 seconds
Native extension for WindowsStandalone target not found
Package Manager log level set to [2]
ScheduleIndexationOnStartup MainProcess:False IndexOnStartup:False
Mono: successfully reloaded assembly
- Finished resetting the current domain, in  0.613 seconds
Domain Reload Profiling: 1423ms
	BeginReloadAssembly (261ms)
		ExecutionOrderSort (0ms)
		DisableScriptedObjects (0ms)
		BackupInstance (0ms)
		ReleaseScriptingObjects (0ms)
		CreateAndSetChildDomain (11ms)
	RebuildCommonClasses (72ms)
	RebuildNativeTypeToScriptingClass (24ms)
	initialDomainReloadingComplete (98ms)
	LoadAllAssembliesAndSetupDomain (355ms)
		LoadAssemblies (244ms)
		RebuildTransferFunctionScriptingTraits (0ms)
		AnalyzeDomain (350ms)
			TypeCache.Refresh (348ms)
				TypeCache.ScanAssembly (321ms)
			BuildScriptInfoCaches (0ms)
			ResolveRequiredComponents (1ms)
	FinalizeReload (614ms)
		ReleaseScriptCaches (0ms)
		RebuildScriptCaches (0ms)
		SetupLoadedEditorAssemblies (544ms)
			LogAssemblyErrors (0ms)
			InitializePlatformSupportModulesInManaged (76ms)
			SetLoadedEditorAssemblies (6ms)
			BeforeProcessingInitializeOnLoad (129ms)
			ProcessInitializeOnLoadAttributes (216ms)
			ProcessInitializeOnLoadMethodAttributes (117ms)
			AfterProcessingInitializeOnLoad (0ms)
			EditorAssembliesLoaded (0ms)
		ExecutionOrderSort2 (0ms)
		AwakeInstancesAfterBackupRestoration (0ms)
[Licensing::Client] Successfully resolved entitlement details
[Licensing::Module] License group:
  Id: F4-YJKE-ZXTP-R3H2-JWDT-XXXX
  Product: Unity Personal
  Type: ULF
  Expiration: Unlimited
[Licensing::Module] License group:
  Id: 6872858344471-UnityPersXXXX
  Product: Unity Personal
  Type: Assigned
  Expiration: Unlimited
Application.AssetDatabase Initial Refresh Start
[Package Manager] Restoring resolved packages state from cache
[Licensing::Client] Successfully resolved entitlement details
[Package Manager] Registered 14 packages:
  Packages from [https://packages.unity.com]:
    com.unity.inputsystem@1.20.0 (location: C:\Users\Andrej\Downloads\One Lane War\Library\PackageCache\com.unity.inputsystem@7a4e1a2a8194)
    com.unity.nuget.newtonsoft-json@3.2.2 (location: C:\Users\Andrej\Downloads\One Lane War\Library\PackageCache\com.unity.nuget.newtonsoft-json@4dfd81071c64)
  Built-in packages:
    com.unity.test-framework@1.6.0 (location: C:\Users\Andrej\Downloads\One Lane War\Library\PackageCache\com.unity.test-framework@bd7f943e9647)
    com.unity.ugui@2.0.0 (location: C:\Users\Andrej\Downloads\One Lane War\Library\PackageCache\com.unity.ugui@e20f1880fa04)
    com.unity.modules.androidjni@1.0.0 (location: C:\Users\Andrej\Downloads\One Lane War\Library\PackageCache\com.unity.modules.androidjni)
    com.unity.modules.audio@1.0.0 (location: C:\Users\Andrej\Downloads\One Lane War\Library\PackageCache\com.unity.modules.audio)
    com.unity.modules.imageconversion@1.0.0 (location: C:\Users\Andrej\Downloads\One Lane War\Library\PackageCache\com.unity.modules.imageconversion)
    com.unity.modules.imgui@1.0.0 (location: C:\Users\Andrej\Downloads\One Lane War\Library\PackageCache\com.unity.modules.imgui)
    com.unity.modules.jsonserialize@1.0.0 (location: C:\Users\Andrej\Downloads\One Lane War\Library\PackageCache\com.unity.modules.jsonserialize)
    com.unity.modules.ui@1.0.0 (location: C:\Users\Andrej\Downloads\One Lane War\Library\PackageCache\com.unity.modules.ui)
    com.unity.modules.uielements@1.0.0 (location: C:\Users\Andrej\Downloads\One Lane War\Library\PackageCache\com.unity.modules.uielements)
    com.unity.modules.hierarchycore@1.0.0 (location: C:\Users\Andrej\Downloads\One Lane War\Library\PackageCache\com.unity.modules.hierarchycore)
    com.unity.modules.physics@1.0.0 (location: C:\Users\Andrej\Downloads\One Lane War\Library\PackageCache\com.unity.modules.physics)
    com.unity.ext.nunit@2.0.5 (location: C:\Users\Andrej\Downloads\One Lane War\Library\PackageCache\com.unity.ext.nunit@d8c07649098d)
[Subsystems] No new subsystems found in resolved package list.
[Package Manager] Done registering packages in 0.02 seconds
[ScriptCompilation] Requested script compilation because: Assembly Definition File(s) changed
[ScriptCompilation] Requested script compilation because: Assetdatabase observed changes in script compilation related files
Starting: C:\Program Files\Unity\Hub\Editor\6000.3.21f1\Editor\Data\Tools\BuildPipeline\bee_backend.exe --ipc --defer-dag-verification --dagfile="Library/Bee/1900b0aE.dag" --continue-on-failure --profile="Library/Bee/backend1.traceevents" ScriptAssemblies
WorkingDir: C:/Users/Andrej/Downloads/One Lane War
DisplayProgressbar: Compiling Scripts
ExitCode: 4 Duration: 0s532ms
Rebuilding DAG because FileSignature timestamp changed: Library/Bee/1900b0aE-inputdata.json
[261/267    0s] Csc Library/Bee/artifacts/1900b0aE.dag/OneLaneWar.Core.dll (+2 others)
*** Tundra requires additional run (0.45 seconds), 1 items updated, 260 evaluated
Starting: C:\Program Files\Unity\Hub\Editor\6000.3.21f1\Editor\Data\netcorerun\netcorerun.exe "C:\Program Files\Unity\Hub\Editor\6000.3.21f1\Editor\Data\Tools\BuildPipeline\ScriptCompilationBuildProgram.exe" "Library/Bee/1900b0aE.dag.json" "Library/Bee/1900b0aE-inputdata.json" "Library\Bee\buildprogram0.traceevents"
WorkingDir: C:/Users/Andrej/Downloads/One Lane War
ExitCode: 0 Duration: 0s485ms
Starting: C:\Program Files\Unity\Hub\Editor\6000.3.21f1\Editor\Data\Tools\BuildPipeline\bee_backend.exe --ipc --defer-dag-verification --dagfile="Library/Bee/1900b0aE.dag" --continue-on-failure --dagfilejson="Library\Bee\1900b0aE.dag.json" --profile="Library/Bee/backend2.traceevents" ScriptAssemblies
WorkingDir: C:/Users/Andrej/Downloads/One Lane War
ExitCode: 0 Duration: 6s777ms
Finished compiling graph: 302 nodes, 3060 flattened edges (2834 ToBuild, 38 ToUse), maximum node priority 151
[169/299    0s] WriteText Library/Bee/artifacts/1900b0aE.dag/Unity.TextMeshPro.rsp
[170/299    0s] WriteText Library/Bee/artifacts/1900b0aE.dag/UnityEngine.TestRunner.rsp
[171/299    0s] WriteText Library/Bee/artifacts/1900b0aE.dag/OneLaneWar.Presentation.dll.mvfrm.rsp
[173/299    0s] WriteText Library/Bee/artifacts/1900b0aE.dag/UnityEditor.TestRunner.rsp
[175/299    0s] WriteText Library/Bee/artifacts/1900b0aE.dag/Unity.InputSystem.ForUI.rsp
[177/299    0s] WriteText Library/Bee/artifacts/1900b0aE.dag/OneLaneWar.Presentation.UnityAdditionalFile.txt
[178/299    0s] WriteText Library/Bee/artifacts/1900b0aE.dag/Unity.InternalAPIEngineBridge.004.rsp
[180/299    0s] WriteText Library/Bee/artifacts/1900b0aE.dag/Unity.InputSystem.rsp
[182/299    0s] WriteText Library/Bee/artifacts/1900b0aE.dag/OneLaneWar.Presentation.rsp
[183/299    0s] WriteText Library/Bee/artifacts/1900b0aE.dag/OneLaneWar.Core.rsp
[184/299    0s] WriteText Library/Bee/artifacts/1900b0aE.dag/OneLaneWar.Presentation.rsp2
[185/299    0s] WriteText Library/Bee/artifacts/1900b0aE.dag/UnityEngine.UI.rsp
[186/299    0s] WriteText Library/Bee/artifacts/1900b0aE.dag/UnityEditor.UI.rsp
[187/299    0s] WriteText Library/Bee/artifacts/1900b0aE.dag/OneLaneWar.ModelFixtures.dll.mvfrm.rsp
[188/299    0s] WriteText Library/Bee/artifacts/1900b0aE.dag/OneLaneWar.PlayModeTests.rsp2
[201/299    0s] WriteText Library/Bee/artifacts/1900b0aE.dag/OneLaneWar.ModelFixtures.rsp
[202/299    0s] WriteText Library/Bee/artifacts/1900b0aE.dag/OneLaneWar.PlayModeTests.dll.mvfrm.rsp
[203/299    0s] WriteText Library/Bee/artifacts/1900b0aE.dag/OneLaneWar.Editor.UnityAdditionalFile.txt
[204/299    0s] WriteText Library/Bee/artifacts/1900b0aE.dag/OneLaneWar.EditModeTests.dll.mvfrm.rsp
[205/299    0s] WriteText Library/Bee/artifacts/1900b0aE.dag/OneLaneWar.PlayModeTests.UnityAdditionalFile.txt
[206/299    0s] WriteText Library/Bee/artifacts/1900b0aE.dag/OneLaneWar.Editor.rsp2
[207/299    0s] WriteText Library/Bee/artifacts/1900b0aE.dag/OneLaneWar.Editor.dll.mvfrm.rsp
[208/299    0s] WriteText Library/Bee/artifacts/1900b0aE.dag/OneLaneWar.PlayModeTests.rsp
[209/299    0s] WriteText Library/Bee/artifacts/1900b0aE.dag/OneLaneWar.Editor.rsp
[210/299    0s] WriteText Library/Bee/artifacts/1900b0aE.dag/OneLaneWar.EditModeTests.UnityAdditionalFile.txt
[211/299    0s] WriteText Library/Bee/artifacts/1900b0aE.dag/OneLaneWar.EditModeTests.rsp
[212/299    0s] WriteText Library/Bee/artifacts/1900b0aE.dag/OneLaneWar.EditModeTests.rsp2
[213/299    0s] WriteText Library/Bee/artifacts/1900b0aE.dag/Unity.InputSystem.ForUI.Editor.rsp
[214/299    0s] WriteText Library/Bee/artifacts/1900b0aE.dag/Unity.InputSystem.DocCodeSamples.rsp
[215/299    0s] WriteText Library/Bee/artifacts/1900b0aE.dag/Unity.InputSystem.TestFramework.rsp
[216/299    0s] WriteText Library/Bee/artifacts/1900b0aE.dag/UnityEditor.UI.Analytics.rsp
[217/299    0s] WriteText Library/Bee/artifacts/1900b0aE.dag/Unity.TextMeshPro.Editor.rsp
[218/299    0s] Csc Library/Bee/artifacts/1900b0aE.dag/OneLaneWar.Core.dll (+2 others)
[219/299    0s] CopyFiles Library/ScriptAssemblies/OneLaneWar.Core.dll
[220/299    0s] CopyFiles Library/ScriptAssemblies/OneLaneWar.Core.pdb
[221/299    0s] Csc Library/Bee/artifacts/1900b0aE.dag/UnityEngine.TestRunner.dll (+2 others)
[           0s] Csc Library/Bee/artifacts/1900b0aE.dag/UnityEngine.TestRunner.dll (+2 others) [CacheWrite 00000000000000000000000000000005]
[224/299    0s] CopyFiles Library/ScriptAssemblies/UnityEngine.TestRunner.pdb
[225/299    0s] CopyFiles Library/ScriptAssemblies/UnityEngine.TestRunner.dll
[226/299    0s] Csc Library/Bee/artifacts/1900b0aE.dag/UnityEngine.UI.dll (+2 others)
[           0s] Csc Library/Bee/artifacts/1900b0aE.dag/UnityEngine.UI.dll (+2 others) [CacheWrite 00000000000000000000000000000005]
[228/299    0s] CopyFiles Library/ScriptAssemblies/UnityEngine.UI.pdb
[229/299    0s] CopyFiles Library/ScriptAssemblies/UnityEngine.UI.dll
[230/299    0s] Csc Library/Bee/artifacts/1900b0aE.dag/UnityEditor.TestRunner.dll (+2 others)
[           0s] Csc Library/Bee/artifacts/1900b0aE.dag/UnityEditor.TestRunner.dll (+2 others) [CacheWrite 00000000000000000000000000000005]
[233/299    0s] CopyFiles Library/ScriptAssemblies/UnityEditor.TestRunner.pdb
[234/299    0s] CopyFiles Library/ScriptAssemblies/UnityEditor.TestRunner.dll
[235/299    0s] MovedFromExtractor-Combine Library/Bee/artifacts/1900b0aE.dag/OneLaneWar.ModelFixtures.dll.mvfrm
[236/299    0s] Csc Library/Bee/artifacts/1900b0aE.dag/UnityEditor.UI.dll (+2 others)
[           0s] Csc Library/Bee/artifacts/1900b0aE.dag/UnityEditor.UI.dll (+2 others) [CacheWrite 00000000000000000000000000000005]
[240/299    0s] CopyFiles Library/ScriptAssemblies/UnityEditor.UI.pdb
[241/299    0s] CopyFiles Library/ScriptAssemblies/UnityEditor.UI.dll
[242/299    0s] Csc Library/Bee/artifacts/1900b0aE.dag/OneLaneWar.ModelFixtures.dll (+2 others)
[243/299    0s] CopyFiles Library/ScriptAssemblies/OneLaneWar.ModelFixtures.pdb
[244/299    0s] CopyFiles Library/ScriptAssemblies/OneLaneWar.ModelFixtures.dll
[245/299    0s] MovedFromExtractor-Combine Library/Bee/artifacts/1900b0aE.dag/OneLaneWar.Editor.dll.mvfrm
[246/299    0s] MovedFromExtractor-Combine Library/Bee/artifacts/1900b0aE.dag/OneLaneWar.EditModeTests.dll.mvfrm
[247/299    0s] Csc Library/Bee/artifacts/1900b0aE.dag/Unity.InternalAPIEngineBridge.004.dll (+2 others)
[           0s] Csc Library/Bee/artifacts/1900b0aE.dag/Unity.InternalAPIEngineBridge.004.dll (+2 others) [CacheWrite 00000000000000000000000000000005]
[250/299    0s] CopyFiles Library/ScriptAssemblies/Unity.InternalAPIEngineBridge.004.pdb
[251/299    0s] CopyFiles Library/ScriptAssemblies/Unity.InternalAPIEngineBridge.004.dll
[252/299    1s] Csc Library/Bee/artifacts/1900b0aE.dag/Unity.TextMeshPro.dll (+2 others)
[           0s] Csc Library/Bee/artifacts/1900b0aE.dag/Unity.TextMeshPro.dll (+2 others) [CacheWrite 00000000000000000000000000000005]
[256/299    0s] CopyFiles Library/ScriptAssemblies/Unity.TextMeshPro.pdb
[257/299    0s] CopyFiles Library/ScriptAssemblies/Unity.TextMeshPro.dll
[258/299    2s] Csc Library/Bee/artifacts/1900b0aE.dag/Unity.InputSystem.dll (+2 others)
[           0s] Csc Library/Bee/artifacts/1900b0aE.dag/Unity.InputSystem.dll (+2 others) [CacheWrite 00000000000000000000000000000005]
[259/299    0s] CopyFiles Library/ScriptAssemblies/Unity.InputSystem.pdb
[260/299    0s] CopyFiles Library/ScriptAssemblies/Unity.InputSystem.dll
[261/299    0s] Csc Library/Bee/artifacts/1900b0aE.dag/UnityEditor.UI.Analytics.dll (+2 others)
[           0s] Csc Library/Bee/artifacts/1900b0aE.dag/UnityEditor.UI.Analytics.dll (+2 others) [CacheWrite 00000000000000000000000000000005]
[262/299    0s] CopyFiles Library/ScriptAssemblies/UnityEditor.UI.Analytics.dll
[263/299    0s] CopyFiles Library/ScriptAssemblies/UnityEditor.UI.Analytics.pdb
[264/299    0s] Csc Library/Bee/artifacts/1900b0aE.dag/Unity.TextMeshPro.Editor.dll (+2 others)
[265/299    0s] MovedFromExtractor Library/Bee/artifacts/mvdfrm/Unity.InputSystem.ref.dll_FD2EC87C14EBE081.mvfrm
[           0s] Csc Library/Bee/artifacts/1900b0aE.dag/Unity.TextMeshPro.Editor.dll (+2 others) [CacheWrite 00000000000000000000000000000005]
[266/299    0s] CopyFiles Library/ScriptAssemblies/Unity.TextMeshPro.Editor.dll
[267/299    0s] CopyFiles Library/ScriptAssemblies/Unity.TextMeshPro.Editor.pdb
[268/299    0s] MovedFromExtractor-Combine Library/Bee/artifacts/1900b0aE.dag/OneLaneWar.Presentation.dll.mvfrm
[269/299    0s] MovedFromExtractor-Combine Library/Bee/artifacts/1900b0aE.dag/Unity.InputSystem.DocCodeSamples.dll.mvfrm
[270/299    0s] MovedFromExtractor-Combine Library/Bee/artifacts/1900b0aE.dag/Unity.InputSystem.ForUI.dll.mvfrm
[271/299    0s] MovedFromExtractor-Combine Library/Bee/artifacts/1900b0aE.dag/OneLaneWar.PlayModeTests.dll.mvfrm
[272/299    0s] MovedFromExtractor-Combine Library/Bee/artifacts/1900b0aE.dag/Unity.InputSystem.TestFramework.dll.mvfrm
[273/299    0s] Csc Library/Bee/artifacts/1900b0aE.dag/OneLaneWar.Presentation.dll (+2 others)
[274/299    0s] CopyFiles Library/ScriptAssemblies/OneLaneWar.Presentation.pdb
[275/299    0s] CopyFiles Library/ScriptAssemblies/OneLaneWar.Presentation.dll
[276/299    0s] Csc Library/Bee/artifacts/1900b0aE.dag/Unity.InputSystem.DocCodeSamples.dll (+2 others)
[277/299    0s] Csc Library/Bee/artifacts/1900b0aE.dag/Unity.InputSystem.ForUI.dll (+2 others)
[           0s] Csc Library/Bee/artifacts/1900b0aE.dag/Unity.InputSystem.DocCodeSamples.dll (+2 others) [CacheWrite 00000000000000000000000000000005]
[278/299    0s] Csc Library/Bee/artifacts/1900b0aE.dag/Unity.InputSystem.TestFramework.dll (+2 others)
[279/299    0s] CopyFiles Library/ScriptAssemblies/Unity.InputSystem.DocCodeSamples.pdb
[280/299    0s] CopyFiles Library/ScriptAssemblies/Unity.InputSystem.DocCodeSamples.dll
[           0s] Csc Library/Bee/artifacts/1900b0aE.dag/Unity.InputSystem.ForUI.dll (+2 others) [CacheWrite 00000000000000000000000000000005]
[282/299    0s] CopyFiles Library/ScriptAssemblies/Unity.InputSystem.ForUI.pdb
[283/299    0s] CopyFiles Library/ScriptAssemblies/Unity.InputSystem.ForUI.dll
[           0s] Csc Library/Bee/artifacts/1900b0aE.dag/Unity.InputSystem.TestFramework.dll (+2 others) [CacheWrite 00000000000000000000000000000005]
[284/299    0s] CopyFiles Library/ScriptAssemblies/Unity.InputSystem.TestFramework.pdb
[285/299    0s] CopyFiles Library/ScriptAssemblies/Unity.InputSystem.TestFramework.dll
[286/299    0s] Csc Library/Bee/artifacts/1900b0aE.dag/OneLaneWar.PlayModeTests.dll (+2 others)
[287/299    0s] Csc Library/Bee/artifacts/1900b0aE.dag/OneLaneWar.EditModeTests.dll (+2 others)
[288/299    0s] CopyFiles Library/ScriptAssemblies/OneLaneWar.PlayModeTests.dll
[289/299    0s] CopyFiles Library/ScriptAssemblies/OneLaneWar.PlayModeTests.pdb
[290/299    0s] CopyFiles Library/ScriptAssemblies/OneLaneWar.EditModeTests.dll
[291/299    0s] CopyFiles Library/ScriptAssemblies/OneLaneWar.EditModeTests.pdb
[292/299    0s] Csc Library/Bee/artifacts/1900b0aE.dag/OneLaneWar.Editor.dll (+2 others)
[293/299    0s] CopyFiles Library/ScriptAssemblies/OneLaneWar.Editor.dll
[294/299    0s] CopyFiles Library/ScriptAssemblies/OneLaneWar.Editor.pdb
[295/299    0s] MovedFromExtractor-Combine Library/Bee/artifacts/1900b0aE.dag/Unity.InputSystem.ForUI.Editor.dll.mvfrm
[296/299    0s] Csc Library/Bee/artifacts/1900b0aE.dag/Unity.InputSystem.ForUI.Editor.dll (+2 others)
[           0s] Csc Library/Bee/artifacts/1900b0aE.dag/Unity.InputSystem.ForUI.Editor.dll (+2 others) [CacheWrite 00000000000000000000000000000005]
[297/299    0s] CopyFiles Library/ScriptAssemblies/Unity.InputSystem.ForUI.Editor.pdb
[298/299    0s] CopyFiles Library/ScriptAssemblies/Unity.InputSystem.ForUI.Editor.dll
*** Tundra build success (6.72 seconds), 99 items updated, 299 evaluated
AssetDatabase: script compilation time: 8.491399s
Begin MonoManager ReloadAssembly
- Loaded All Assemblies, in  0.955 seconds
Start importing ProjectSettings/ProjectSettings.asset using Guid(00000000000000004000000000000000) (LibraryAssetImporter) -> (artifact id: 'd6d1ef4aac1be14a4dc6d7c13c1a7a56') in 0.0319254 seconds
Start importing Assets/OneLaneWar/Editor using Guid(d6b9a2dfbdedebb4080ccb53956966c5) (DefaultImporter) -> (artifact id: 'a03d89cb3945faaf956c441370f43810') in 0.0044127 seconds
Start importing Assets/OneLaneWar/Presentation using Guid(6e368c34cc1c0b9409b2f77dd49eca2d) (DefaultImporter) -> (artifact id: '1700b074e92abae10bb52942e1f0e195') in 0.0034523 seconds
Start importing Assets/OneLaneWar/Tests/EditMode using Guid(6679864841efdcc4dbce5f5ef1e00698) (DefaultImporter) -> (artifact id: '2044fa5b9c60dd286db611a0fcaf0137') in 0.0026757 seconds
Start importing Assets/OneLaneWar/Tests/PlayMode using Guid(ce336c00d432e33489f8fc47d136d6d7) (DefaultImporter) -> (artifact id: 'fe8425d33a54054dff18dc86f7853f33') in 0.0024649 seconds
Start importing Assets/OneLaneWar/Tests/Fixtures/OneLaneWar.ModelFixtures.asmdef using Guid(a41285b0a5c22254f9469ce43de70988) (AssemblyDefinitionImporter) -> (artifact id: '369b83dd8303be94fd60c6ab573aa670') in 0.0040836 seconds
Start importing Assets/OneLaneWar/Editor/OneLaneWar.Editor.asmdef using Guid(96de8d7018ce48b43806869c83b8f3be) (AssemblyDefinitionImporter) -> (artifact id: 'c7c96fedd44fa2ec9556a67cf6b67176') in 0.0051598 seconds
Start importing Assets/OneLaneWar/Presentation/OneLaneWar.Presentation.asmdef using Guid(1a632fc4bf14a714285c9b65f4192aec) (AssemblyDefinitionImporter) -> (artifact id: '8477583f32bd4263d4754bd25c3e1621') in 0.0056323 seconds
Start importing Assets/OneLaneWar/Tests/PlayMode/OneLaneWar.PlayModeTests.asmdef using Guid(aed4bfc16a5f9114bada66c50a95f22f) (AssemblyDefinitionImporter) -> (artifact id: 'c196fdee7a631633f1493b338ef52ab2') in 0.0081865 seconds
Start importing Assets/OneLaneWar/Tests/EditMode/OneLaneWar.EditModeTests.asmdef using Guid(feec119882eba42459495f42b417d025) (AssemblyDefinitionImporter) -> (artifact id: 'd5123531a10b64e84a22e3cf084c2fbe') in 0.0059335 seconds
Refreshing native plugins compatible for Editor in 0.40 ms, found 0 plugins.
Native extension for WindowsStandalone target not found
ScheduleIndexationOnStartup MainProcess:True IndexOnStartup:True
Mono: successfully reloaded assembly
- Finished resetting the current domain, in  0.888 seconds
Domain Reload Profiling: 1831ms
	BeginReloadAssembly (438ms)
		ExecutionOrderSort (0ms)
		DisableScriptedObjects (45ms)
		BackupInstance (0ms)
		ReleaseScriptingObjects (0ms)
		CreateAndSetChildDomain (166ms)
	RebuildCommonClasses (63ms)
	RebuildNativeTypeToScriptingClass (14ms)
	initialDomainReloadingComplete (55ms)
	LoadAllAssembliesAndSetupDomain (372ms)
		LoadAssemblies (448ms)
		RebuildTransferFunctionScriptingTraits (0ms)
		AnalyzeDomain (86ms)
			TypeCache.Refresh (67ms)
				TypeCache.ScanAssembly (57ms)
			BuildScriptInfoCaches (13ms)
			ResolveRequiredComponents (3ms)
	FinalizeReload (889ms)
		ReleaseScriptCaches (0ms)
		RebuildScriptCaches (0ms)
		SetupLoadedEditorAssemblies (678ms)
			LogAssemblyErrors (0ms)
			InitializePlatformSupportModulesInManaged (40ms)
			SetLoadedEditorAssemblies (6ms)
			BeforeProcessingInitializeOnLoad (242ms)
			ProcessInitializeOnLoadAttributes (299ms)
			ProcessInitializeOnLoadMethodAttributes (73ms)
			AfterProcessingInitializeOnLoad (17ms)
			EditorAssembliesLoaded (0ms)
		ExecutionOrderSort2 (0ms)
		AwakeInstancesAfterBackupRestoration (40ms)
Refreshing native plugins compatible for Editor in 0.34 ms, found 0 plugins.
Preloading 0 native plugins for Editor in 0.00 ms.
Asset Pipeline Refresh (id=f869013081152a2439ddb2010a8b96c9): Total: 11.070 seconds - Initiated by InitialRefreshV2(ForceSynchronousImport)
	Summary:
		Imports: total=10 (actual=10, local cache=0, cache server=0)
		Asset DB Process Time: managed=8 ms, native=1411 ms
		Asset DB Callback time: managed=128 ms, native=33 ms
		Scripting: domain reloads=1, domain reload time=955 ms, compile time=8494 ms, other=38 ms
		Project Asset Count: scripts=284, non-scripts=242
		Asset File Changes: new=14, changed=17, moved=0, deleted=0
		Scan Filter Count: 0
	InvokeCustomDependenciesCallbacks: 0.003ms
	InvokePackagesCallback: 23.082ms
	ApplyChangesToAssetFolders: 0.545ms
	Scan: 211.765ms
	OnSourceAssetsModified: 1.115ms
	CategorizeAssetsWithTransientArtifact: 9.940ms
	ProcessAssetsWithTransientArtifactChanges: 26.325ms
	CategorizeAssets: 10.800ms
	ImportOutOfDateAssets: 984.215ms (-7600.571ms without children)
		ImportManagerImport: 87.387ms (9.853ms without children)
			ImportInProcess: 77.465ms
			UpdateCategorizedAssets: 0.070ms
		CompileScripts: 8494.121ms
		ReloadNativeAssets: 0.001ms
		UnloadImportedAssets: 0.310ms
		ReloadImportedAssets: 0.003ms
		EnsureUptoDateAssetsAreRegisteredWithGuidPM: 0.205ms
		InitializingProgressBar: 0.001ms
		PostProcessAllAssetNotificationsAddChangedAssets: 0.001ms
		OnDemandSchedulerStart: 2.757ms
	PostProcessAllAssets: 151.281ms
	Hotreload: 1.949ms
	GatherAllCurrentPrimaryArtifactRevisions: 0.029ms
	UnloadStreamsBegin: 1.207ms
	PersistCurrentRevisions: 0.199ms
	UnloadStreamsEnd: 0.004ms
	GenerateScriptTypeHashes: 2.168ms
	Untracked: 9647.434ms

Application.AssetDatabase Initial Refresh End
Scanning for USB devices : 0.997ms
Initializing Unity extensions:
[MODES] ModeService[none].Initialize
[MODES] ModeService[none].LoadModes
[MODES] Loading mode Default (0) for mode-current-id-One Lane War
Unloading 4 Unused Serialized files (Serialized files now loaded: 0)
Unloading 1210 unused Assets / (1.2 MB). Loaded Objects now: 1831.
Memory consumption went from 102.4 MB to 101.2 MB.
Total: 12.717400 ms (FindLiveObjects: 0.442900 ms CreateObjectMapping: 0.228600 ms MarkObjects: 11.259800 ms  DeleteObjects: 0.784400 ms)

Start importing Assets/OneLaneWar/Resources using Guid(0e625073afb0eeb438967f694b8e0f2b) (DefaultImporter) -> (artifact id: '2ec7ad0bde5503721ea24573c0d858f5') in 0.0039685 seconds
Start importing Assets/OneLaneWar/Resources/Canonical using Guid(cf0f5d901d6053a439b94d7d1d94f02a) (DefaultImporter) -> (artifact id: '140fb49bbe0867a1148ac834482b3cde') in 0.0035669 seconds
Start importing Assets/OneLaneWar/Resources/Canonical/upgrades.json using Guid(b26389a6c18f5a043aee67c0d4add808) (TextScriptImporter) -> (artifact id: 'c50c8d5924ce4b571b78475014d3bfed') in 0.0209388 seconds
Start importing Assets/OneLaneWar/Resources/Canonical/SOURCE_MANIFEST.json using Guid(16b63810c915b914fb8778b9e51e9f09) (TextScriptImporter) -> (artifact id: '98b57fd8a6bdefbafb6aa5dddd59b7f6') in 0.0065895 seconds
Start importing Assets/OneLaneWar/Resources/Canonical/encounters.json using Guid(a7f1aa7cd50c91243b0a00c74a6c496e) (TextScriptImporter) -> (artifact id: '6efafb0a22404742e8f47211247bb583') in 0.0064101 seconds
Start importing Assets/OneLaneWar/Resources/Canonical/game_rules.json using Guid(8a2cb0cd20a716d4b8eb1dacc6bd76ff) (TextScriptImporter) -> (artifact id: '639472ef37e9b69fd679b594b30f5d50') in 0.0073404 seconds
Start importing Assets/OneLaneWar/Resources/Canonical/boss_variants.json using Guid(5b7a19a433f0add48b0ca1ed1fc32771) (TextScriptImporter) -> (artifact id: 'e767b359ee4c8b383c1ec712189c5452') in 0.0090134 seconds
Start importing Assets/OneLaneWar/Resources/Canonical/units.json using Guid(1e375994fd07b4c429e199728ad5539b) (TextScriptImporter) -> (artifact id: 'b94266f5005e736174228f832abf5bf7') in 0.0080555 seconds
Refreshing native plugins compatible for Editor in 0.39 ms, found 0 plugins.
Preloading 0 native plugins for Editor in 0.00 ms.
Asset Pipeline Refresh (id=ae1e7a48f06278c4495cedd275be9799): Total: 0.203 seconds - Initiated by RefreshV2(NoUpdateAssetOptions)
Unloading 0 Unused Serialized files (Serialized files now loaded: 0)
Unloading 2 unused Assets / (0.8 KB). Loaded Objects now: 1831.
Memory consumption went from 98.1 MB to 98.1 MB.
Total: 7.085900 ms (FindLiveObjects: 0.098500 ms CreateObjectMapping: 0.048700 ms MarkObjects: 6.909100 ms  DeleteObjects: 0.028500 ms)

Start importing Assets/Scenes using Guid(704f1bfc263e3954589f13d3c8db64e2) (DefaultImporter) -> (artifact id: '736572c5d4befbb2a7eb4c4d49072d24') in 0.0025934 seconds
Start importing Assets/Scenes/Bootstrap.unity using Guid(c90d1aaa15c19474fbf562b9b83b8b24) (DefaultImporter) -> (artifact id: 'cd81b9a79434744ed8da12274a1f7080') in 0.0009167 seconds
Refreshing native plugins compatible for Editor in 0.29 ms, found 0 plugins.
Preloading 0 native plugins for Editor in 0.00 ms.
Asset Pipeline Refresh (id=621af91fdeeca994f970e3267be090b5): Total: 0.026 seconds - Initiated by StopAssetImportingV2(NoUpdateAssetOptions)
Unloading 0 Unused Serialized files (Serialized files now loaded: 0)
Unloading 2 unused Assets / (Unknown). Loaded Objects now: 1831.
Memory consumption went from 101.8 MB to 101.8 MB.
Total: 12.839800 ms (FindLiveObjects: 0.221900 ms CreateObjectMapping: 0.116900 ms MarkObjects: 12.461700 ms  DeleteObjects: 0.037700 ms)

Start importing Assets/Scenes/Battle.unity using Guid(c5f6c5bfbedda9d40aa4267974047754) (DefaultImporter) -> (artifact id: 'd1854d2ab36fde8922c5926dccc790ca') in 0.0027983 seconds
Refreshing native plugins compatible for Editor in 0.55 ms, found 0 plugins.
Preloading 0 native plugins for Editor in 0.00 ms.
Asset Pipeline Refresh (id=2a95b20ed35094c4ea78c055c5c211d0): Total: 0.041 seconds - Initiated by StopAssetImportingV2(NoUpdateAssetOptions)
Asset Pipeline Refresh (id=1afd5d86dbf6ac540843d1448ea9bbae): Total: 0.045 seconds - Initiated by RefreshV2(NoUpdateAssetOptions)
Asset Pipeline Refresh (id=a481f78efeff0d84092800284bb1b309): Total: 0.026 seconds - Initiated by RefreshV2(NoUpdateAssetOptions)
Start importing ProjectSettings/ProjectSettings.asset using Guid(00000000000000004000000000000000) (LibraryAssetImporter) -> (artifact id: 'cfc59884154ea05234c2ced81d350668') in 0.0060425 seconds
Start importing ProjectSettings/EditorBuildSettings.asset using Guid(0000000000000000b000000000000000) (LibraryAssetImporter) -> (artifact id: 'fa20b4bc00983ddc8ab9f261cadb9145') in 0.0057393 seconds
Refreshing native plugins compatible for Editor in 0.34 ms, found 0 plugins.
Preloading 0 native plugins for Editor in 0.00 ms.
Asset Pipeline Refresh (id=c81d6fea72fdca84185299da9d10d640): Total: 0.033 seconds - Initiated by StopAssetImportingV2(NoUpdateAssetOptions)
OLW_PREPARE_OK source=6c5ab38839a42dfe9a8c0085860d13bf05899441b2a389f3b6d243b552a16d90
UnityEngine.Debug:ExtractStackTraceNoAlloc (byte*,int,string)
UnityEngine.StackTraceUtility:ExtractStackTrace ()
UnityEngine.DebugLogHandler:Internal_Log (UnityEngine.LogType,UnityEngine.LogOption,string,UnityEngine.Object)
UnityEngine.DebugLogHandler:LogFormat (UnityEngine.LogType,UnityEngine.Object,string,object[])
UnityEngine.Logger:Log (UnityEngine.LogType,object)
UnityEngine.Debug:Log (object)
OneLaneWar.Editor.BuildTools:Prepare () (at Assets/OneLaneWar/Editor/BuildTools.cs:54)

(Filename: Assets/OneLaneWar/Editor/BuildTools.cs Line: 54)

Batchmode quit successfully invoked - shutting down!
[Physics::Module] Cleanup current backend.
[Physics::Module] Id: 0xf2b8ea05
Input System module state changed to: ShutdownInProgress.
Input System polling thread exited.
Input System module state changed to: Shutdown.
[Licensing::IpcConnector] LicenseClient-Andrej-notifications channel disconnected successfully.
[Licensing::IpcConnector] LicenseClient-Andrej channel disconnected successfully.
AcceleratorClientConnectionCallback - disconnected - :0
Cleanup mono
Exiting batchmode successfully now!
Exiting without the bug reporter. Application will terminate with return code 0